Component: ARM Compiler 5.06 update 7 (build 960) Tool: armlink [4d3601]

==============================================================================

Section Cross References

    main.o(i._Z10systemInitv) refers to broad_controller.o(i._ZN16Board_controller14boardBasicInitEv) for Board_controller::boardBasicInit()
    main.o(i._Z10systemInitv) refers to xm_hardware.o(i._ZN11Xm_Hardware14xmHardwareInitEv) for Xm_Hardware::xmHardwareInit()
    main.o(i._Z10systemInitv) refers to broad_controller.o(.bss) for board_controller
    main.o(i._Z10systemInitv) refers to xm_hardware.o(.bss) for xm_hardware
    main.o(i._Z15constructorInitv) refers to main.o(i._ZN11Xm_AbstractC1Ev) for Xm_Abstract::Xm_Abstract()
    main.o(i._Z15constructorInitv) refers to rt_memcpy_w.o(.text) for __aeabi_memcpy4
    main.o(i._Z15constructorInitv) refers to broad_controller.o(i._ZN16Board_controllerC1Ev) for Board_controller::Board_controller()
    main.o(i._Z15constructorInitv) refers to rt_memcpy_v6.o(.text) for __aeabi_memcpy
    main.o(i._Z15constructorInitv) refers to queue.o(i._ZN5QueueC1Ev) for Queue::Queue()
    main.o(i._Z15constructorInitv) refers to xm_hardware.o(.bss) for xm_robot
    main.o(i._Z15constructorInitv) refers to broad_controller.o(.bss) for board_controller
    main.o(i._Z15constructorInitv) refers to queue.o(.bss) for queue
    main.o(i.main) refers to main.o(i._Z15constructorInitv) for constructorInit()
    main.o(i.main) refers to main.o(i._Z10systemInitv) for systemInit()
    main.o(i.main) refers to queue.o(i._ZN5Queue10emptyCheckEv) for Queue::emptyCheck()
    main.o(i.main) refers to queue.o(i._ZN5Queue7getDataEv) for Queue::getData()
    main.o(i.main) refers to hf_link.o(i._ZN6HFLink16byteAnalysisCallEh) for HFLink::byteAnalysisCall(unsigned char)
    main.o(i.main) refers to xm_hardware.o(i._ZN11Xm_Hardware17xmHardwareTopCallEv) for Xm_Hardware::xmHardwareTopCall()
    main.o(i.main) refers to broad_controller.o(i._ZN16Board_controller11SetLedStateEhh) for Board_controller::SetLedState(unsigned char, unsigned char)
    main.o(i.main) refers to queue.o(.bss) for queue
    main.o(i.main) refers to hf_link.o(.bss) for hf_link_pc_node
    main.o(i.main) refers to broad_controller.o(.bss) for board_controller
    main.o(i.main) refers to xm_hardware.o(.bss) for xm_hardware
    main.o(.ARM.exidx) refers to main.o(i._Z15constructorInitv) for i._Z15constructorInitv
    main.o(.ARM.exidx) refers to main.o(i._Z10systemInitv) for i._Z10systemInitv
    main.o(.ARM.exidx) refers to main.o(i.main) for i.main
    stm32f4xx_it.o(i.HardFault_Handler) refers to broad_controller.o(.bss) for board_controller
    stm32f4xx_it.o(i.TIM6_DAC_IRQHandler) refers to stm32f4xx_tim.o(i.TIM_GetITStatus) for TIM_GetITStatus
    stm32f4xx_it.o(i.TIM6_DAC_IRQHandler) refers to stm32f4xx_tim.o(i.TIM_ClearITPendingBit) for TIM_ClearITPendingBit
    stm32f4xx_it.o(i.TIM6_DAC_IRQHandler) refers to broad_controller.o(.bss) for board_controller
    stm32f4xx_it.o(i.USART2_IRQHandler) refers to stm32f4xx_usart.o(i.USART_GetITStatus) for USART_GetITStatus
    stm32f4xx_it.o(i.USART2_IRQHandler) refers to queue.o(i._ZN5Queue9fullCheckEv) for Queue::fullCheck()
    stm32f4xx_it.o(i.USART2_IRQHandler) refers to queue.o(i._ZN5Queue7putDataEh) for Queue::putData(unsigned char)
    stm32f4xx_it.o(i.USART2_IRQHandler) refers to stm32f4xx_usart.o(i.USART_ClearITPendingBit) for USART_ClearITPendingBit
    stm32f4xx_it.o(i.USART2_IRQHandler) refers to queue.o(.bss) for queue
    stm32f4xx_it.o(.ARM.exidx) refers to stm32f4xx_it.o(i.USART2_IRQHandler) for i.USART2_IRQHandler
    stm32f4xx_it.o(.ARM.exidx) refers to stm32f4xx_it.o(i.TIM6_DAC_IRQHandler) for i.TIM6_DAC_IRQHandler
    stm32f4xx_it.o(.ARM.exidx) refers to stm32f4xx_it.o(i.HardFault_Handler) for i.HardFault_Handler
    startup_stm32f40_41xxx.o(STACK) refers (Special) to heapauxi.o(.text) for __use_two_region_memory
    startup_stm32f40_41xxx.o(HEAP) refers (Special) to heapauxi.o(.text) for __use_two_region_memory
    startup_stm32f40_41xxx.o(RESET) refers (Special) to heapauxi.o(.text) for __use_two_region_memory
    startup_stm32f40_41xxx.o(RESET) refers to startup_stm32f40_41xxx.o(STACK) for __initial_sp
    startup_stm32f40_41xxx.o(RESET) refers to startup_stm32f40_41xxx.o(.text) for Reset_Handler
    startup_stm32f40_41xxx.o(RESET) refers to stm32f4xx_it.o(i.HardFault_Handler) for HardFault_Handler
    startup_stm32f40_41xxx.o(RESET) refers to stm32f4xx_it.o(i.USART2_IRQHandler) for USART2_IRQHandler
    startup_stm32f40_41xxx.o(RESET) refers to stm32f4xx_it.o(i.TIM6_DAC_IRQHandler) for TIM6_DAC_IRQHandler
    startup_stm32f40_41xxx.o(.text) refers (Special) to heapauxi.o(.text) for __use_two_region_memory
    startup_stm32f40_41xxx.o(.text) refers to system_stm32f4xx.o(i.SystemInit) for SystemInit
    startup_stm32f40_41xxx.o(.text) refers to __main.o(!!!main) for __main
    startup_stm32f40_41xxx.o(.text) refers to startup_stm32f40_41xxx.o(HEAP) for Heap_Mem
[...]
    ../clib/angel/sysapp.c                   0x00000000   Number         0  sys_wrch.o ABSOLUTE
    ../clib/angel/sysapp.c                   0x00000000   Number         0  sys_exit.o ABSOLUTE
    ../clib/arm_runtime.c                    0x00000000   Number         0  init_aeabi.o ABSOLUTE
    ../clib/arm_runtime.c                    0x00000000   Number         0  init_aeabi.o ABSOLUTE
    ../clib/armsys.c                         0x00000000   Number         0  _get_argv_nomalloc.o ABSOLUTE
    ../clib/armsys.c                         0x00000000   Number         0  argv_veneer.o ABSOLUTE
    ../clib/armsys.c                         0x00000000   Number         0  no_argv.o ABSOLUTE
    ../clib/armsys.c                         0x00000000   Number         0  argv_veneer.o ABSOLUTE
    ../clib/heapalloc.c                      0x00000000   Number         0  hrguard.o ABSOLUTE
    ../clib/heapaux.c                        0x00000000   Number         0  heapauxi.o ABSOLUTE
    ../clib/libinit.s                        0x00000000   Number         0  libinit2.o ABSOLUTE
    ../clib/libinit.s                        0x00000000   Number         0  libinit.o ABSOLUTE
    ../clib/libinit.s                        0x00000000   Number         0  libshutdown2.o ABSOLUTE
    ../clib/libinit.s                        0x00000000   Number         0  libshutdown.o ABSOLUTE
    ../clib/memcpset.s                       0x00000000   Number         0  rt_memcpy_w.o ABSOLUTE
    ../clib/memcpset.s                       0x00000000   Number         0  rt_memcpy_v6.o ABSOLUTE
    ../clib/signal.c                         0x00000000   Number         0  defsig_exit.o ABSOLUTE
    ../clib/signal.c                         0x00000000   Number         0  defsig_rtmem_formal.o ABSOLUTE
    ../clib/signal.c                         0x00000000   Number         0  defsig_rtred_inner.o ABSOLUTE
    ../clib/signal.c                         0x00000000   Number         0  defsig_stak_inner.o ABSOLUTE
    ../clib/signal.c                         0x00000000   Number         0  defsig_fpe_inner.o ABSOLUTE
    ../clib/signal.c                         0x00000000   Number         0  defsig_abrt_inner.o ABSOLUTE
    ../clib/signal.c                         0x00000000   Number         0  defsig_rtmem_outer.o ABSOLUTE
    ../clib/signal.c                         0x00000000   Number         0  defsig_pvfn_inner.o ABSOLUTE
    ../clib/signal.c                         0x00000000   Number         0  defsig_cppl_inner.o ABSOLUTE
    ../clib/signal.c                         0x00000000   Number         0  defsig_segv_inner.o ABSOLUTE
    ../clib/signal.c                         0x00000000   Number         0  defsig_general.o ABSOLUTE
    ../clib/signal.c                         0x00000000   Number         0  __raise.o ABSOLUTE
    ../clib/signal.c                         0x00000000   Number         0  defsig_other.o ABSOLUTE
    ../clib/signal.c                         0x00000000   Number         0  defsig_rtmem_inner.o ABSOLUTE
    ../clib/signal.s                         0x00000000   Number         0  defsig.o ABSOLUTE
    ../clib/stdlib.c                         0x00000000   Number         0  exit.o ABSOLUTE
    ../fplib/dfixu.s                         0x00000000   Number         0  dfixu.o ABSOLUTE
    ../fplib/dflt.s                          0x00000000   Number         0  dflt_clz.o ABSOLUTE
    ../fplib/dmul.s                          0x00000000   Number         0  dmul.o ABSOLUTE
    ../fplib/dnaninf.s                       0x00000000   Number         0  dnaninf.o ABSOLUTE
    ../fplib/dretinf.s                       0x00000000   Number         0  dretinf.o ABSOLUTE
    ../fplib/fpinit.s                        0x00000000   Number         0  fpinit.o ABSOLUTE
    ../fplib/usenofp.s                       0x00000000   Number         0  usenofp.o ABSOLUTE
    ..\Board\src\broad_controller.cpp        0x00000000   Number         0  broad_controller.o ABSOLUTE
    ..\Board\src\delay.c                     0x00000000   Number         0  delay.o ABSOLUTE
    ..\Package\src\hf_link.cpp               0x00000000   Number         0  hf_link.o ABSOLUTE
    ..\Package\src\queue.cpp                 0x00000000   Number         0  queue.o ABSOLUTE
    ..\Package\src\vcsel.cpp                 0x00000000   Number         0  vcsel.o ABSOLUTE
    ..\Package\src\xm_abstract.cpp           0x00000000   Number         0  xm_abstract.o ABSOLUTE
    ..\Package\src\xm_hardware.cpp           0x00000000   Number         0  xm_hardware.o ABSOLUTE
    ..\Project\main.cpp                      0x00000000   Number         0  main.o ABSOLUTE
    ..\Project\startup_stm32f40_41xxx.s      0x00000000   Number         0  startup_stm32f40_41xxx.o ABSOLUTE
    ..\Project\stm32f4xx_it.cpp              0x00000000   Number         0  stm32f4xx_it.o ABSOLUTE
    ..\Stm32lib\src\misc.c                   0x00000000   Number         0  misc.o ABSOLUTE
    ..\Stm32lib\src\stm32f4xx_adc.c          0x00000000   Number         0  stm32f4xx_adc.o ABSOLUTE
    ..\Stm32lib\src\stm32f4xx_can.c          0x00000000   Number         0  stm32f4xx_can.o ABSOLUTE
    ..\Stm32lib\src\stm32f4xx_crc.c          0x00000000   Number         0  stm32f4xx_crc.o ABSOLUTE
    ..\Stm32lib\src\stm32f4xx_cryp.c         0x00000000   Number         0  stm32f4xx_cryp.o ABSOLUTE
    ..\Stm32lib\src\stm32f4xx_cryp_aes.c     0x00000000   Number         0  stm32f4xx_cryp_aes.o ABSOLUTE
    ..\Stm32lib\src\stm32f4xx_cryp_des.c     0x00000000   Number         0  stm32f4xx_cryp_des.o ABSOLUTE
    ..\Stm32lib\src\stm32f4xx_cryp_tdes.c    0x00000000   Number         0  stm32f4xx_cryp_tdes.o ABSOLUTE
    ..\Stm32lib\src\stm32f4xx_dac.c          0x00000000   Number         0  stm32f4xx_dac.o ABSOLUTE
    ..\Stm32lib\src\stm32f4xx_dbgmcu.c       0x00000000   Number         0  stm32f4xx_dbgmcu.o ABSOLUTE
    ..\Stm32lib\src\stm32f4xx_dcmi.c         0x00000000   Number         0  stm32f4xx_dcmi.o ABSOLUTE
    ..\Stm32lib\src\stm32f4xx_dma.c          0x00000000   Number         0  stm32f4xx_dma.o ABSOLUTE
    ..\Stm32lib\src\stm32f4xx_dma2d.c        0x00000000   Number         0  stm32f4xx_dma2d.o ABSOLUTE
    ..\Stm32lib\src\stm32f4xx_exti.c         0x00000000   Number         0  stm32f4xx_exti.o ABSOLUTE
    ..\Stm32lib\src\stm32f4xx_flash.c        0x00000000   Number         0  stm32f4xx_flash.o ABSOLUTE
    ..\Stm32lib\src\stm32f4xx_flash_ramfunc.c 0x00000000   Number         0  stm32f4xx_flash_ramfunc.o ABSOLUTE
    ..\Stm32lib\src\stm32f4xx_fsmc.c         0x00000000   Number         0  stm32f4xx_fsmc.o ABSOLUTE
    ..\Stm32lib\src\stm32f4xx_gpio.c         0x00000000   Number         0  stm32f4xx_gpio.o ABSOLUTE
    ..\Stm32lib\src\stm32f4xx_hash.c         0x00000000   Number         0  stm32f4xx_hash.o ABSOLUTE
    ..\Stm32lib\src\stm32f4xx_hash_md5.c     0x00000000   Number         0  stm32f4xx_hash_md5.o ABSOLUTE
    ..\Stm32lib\src\stm32f4xx_hash_sha1.c    0x00000000   Number         0  stm32f4xx_hash_sha1.o ABSOLUTE
    ..\Stm32lib\src\stm32f4xx_i2c.c          0x00000000   Number         0  stm32f4xx_i2c.o ABSOLUTE
    ..\Stm32lib\src\stm32f4xx_iwdg.c         0x00000000   Number         0  stm32f4xx_iwdg.o ABSOLUTE
    ..\Stm32lib\src\stm32f4xx_ltdc.c         0x00000000   Number         0  stm32f4xx_ltdc.o ABSOLUTE
    ..\Stm32lib\src\stm32f4xx_pwr.c          0x00000000   Number         0  stm32f4xx_pwr.o ABSOLUTE
    ..\Stm32lib\src\stm32f4xx_rcc.c          0x00000000   Number         0  stm32f4xx_rcc.o ABSOLUTE
    ..\Stm32lib\src\stm32f4xx_rng.c          0x00000000   Number         0  stm32f4xx_rng.o ABSOLUTE
    ..\Stm32lib\src\stm32f4xx_rtc.c          0x00000000   Number         0  stm32f4xx_rtc.o ABSOLUTE
    ..\Stm32lib\src\stm32f4xx_sai.c          0x00000000   Number         0  stm32f4xx_sai.o ABSOLUTE
    ..\Stm32lib\src\stm32f4xx_sdio.c         0x00000000   Number         0  stm32f4xx_sdio.o ABSOLUTE
    ..\Stm32lib\src\stm32f4xx_spi.c          0x00000000   Number         0  stm32f4xx_spi.o ABSOLUTE
    ..\Stm32lib\src\stm32f4xx_syscfg.c       0x00000000   Number         0  stm32f4xx_syscfg.o ABSOLUTE
    ..\Stm32lib\src\stm32f4xx_tim.c          0x00000000   Number         0  stm32f4xx_tim.o ABSOLUTE
    ..\Stm32lib\src\stm32f4xx_usart.c        0x00000000   Number         0  stm32f4xx_usart.o ABSOLUTE
    ..\Stm32lib\src\stm32f4xx_wwdg.c         0x00000000   Number         0  stm32f4xx_wwdg.o ABSOLUTE
    ..\Stm32lib\src\system_stm32f4xx.c       0x00000000   Number         0  system_stm32f4xx.o ABSOLUTE
    ..\\Board\\src\\broad_controller.cpp     0x00000000   Number         0  broad_controller.o ABSOLUTE
    ..\\Board\\src\\delay.c                  0x00000000   Number         0  delay.o ABSOLUTE
    ..\\Package\\src\\hf_link.cpp            0x00000000   Number         0  hf_link.o ABSOLUTE
    ..\\Package\\src\\vcsel.cpp              0x00000000   Number         0  vcsel.o ABSOLUTE
    ..\\Package\\src\\xm_hardware.cpp        0x00000000   Number         0  xm_hardware.o ABSOLUTE
    ..\\Project\\main.cpp                    0x00000000   Number         0  main.o ABSOLUTE
    ..\\Project\\stm32f4xx_it.cpp            0x00000000   Number         0  stm32f4xx_it.o ABSOLUTE
    ..\\Stm32lib\\src\\misc.c                0x00000000   Number         0  misc.o ABSOLUTE
    ..\\Stm32lib\\src\\stm32f4xx_adc.c       0x00000000   Number         0  stm32f4xx_adc.o ABSOLUTE
    ..\\Stm32lib\\src\\stm32f4xx_can.c       0x00000000   Number         0  stm32f4xx_can.o ABSOLUTE
    ..\\Stm32lib\\src\\stm32f4xx_crc.c       0x00000000   Number         0  stm32f4xx_crc.o ABSOLUTE
    ..\\Stm32lib\\src\\stm32f4xx_cryp.c      0x00000000   Number         0  stm32f4xx_cryp.o ABSOLUTE
    ..\\Stm32lib\\src\\stm32f4xx_cryp_aes.c  0x00000000   Number         0  stm32f4xx_cryp_aes.o ABSOLUTE
    ..\\Stm32lib\\src\\stm32f4xx_cryp_des.c  0x00000000   Number         0  stm32f4xx_cryp_des.o ABSOLUTE
    ..\\Stm32lib\\src\\stm32f4xx_cryp_tdes.c 0x00000000   Number         0  stm32f4xx_cryp_tdes.o ABSOLUTE
    ..\\Stm32lib\\src\\stm32f4xx_dac.c       0x00000000   Number         0  stm32f4xx_dac.o ABSOLUTE
    ..\\Stm32lib\\src\\stm32f4xx_dbgmcu.c    0x00000000   Number         0  stm32f4xx_dbgmcu.o ABSOLUTE
    ..\\Stm32lib\\src\\stm32f4xx_dcmi.c      0x00000000   Number         0  stm32f4xx_dcmi.o ABSOLUTE
    ..\\Stm32lib\\src\\stm32f4xx_dma.c       0x00000000   Number         0  stm32f4xx_dma.o ABSOLUTE
    ..\\Stm32lib\\src\\stm32f4xx_dma2d.c     0x00000000   Number         0  stm32f4xx_dma2d.o ABSOLUTE
    ..\\Stm32lib\\src\\stm32f4xx_exti.c      0x00000000   Number         0  stm32f4xx_exti.o ABSOLUTE
    ..\\Stm32lib\\src\\stm32f4xx_flash.c     0x00000000   Number         0  stm32f4xx_flash.o ABSOLUTE
    ..\\Stm32lib\\src\\stm32f4xx_flash_ramfunc.c 0x00000000   Number         0  stm32f4xx_flash_ramfunc.o ABSOLUTE
    ..\\Stm32lib\\src\\stm32f4xx_fsmc.c      0x00000000   Number         0  stm32f4xx_fsmc.o ABSOLUTE
    ..\\Stm32lib\\src\\stm32f4xx_gpio.c      0x00000000   Number         0  stm32f4xx_gpio.o ABSOLUTE
    ..\\Stm32lib\\src\\stm32f4xx_hash.c      0x00000000   Number         0  stm32f4xx_hash.o ABSOLUTE
    ..\\Stm32lib\\src\\stm32f4xx_hash_md5.c  0x00000000   Number         0  stm32f4xx_hash_md5.o ABSOLUTE
    ..\\Stm32lib\\src\\stm32f4xx_hash_sha1.c 0x00000000   Number         0  stm32f4xx_hash_sha1.o ABSOLUTE
    ..\\Stm32lib\\src\\stm32f4xx_i2c.c       0x00000000   Number         0  stm32f4xx_i2c.o ABSOLUTE
    ..\\Stm32lib\\src\\stm32f4xx_iwdg.c      0x00000000   Number         0  stm32f4xx_iwdg.o ABSOLUTE
    ..\\Stm32lib\\src\\stm32f4xx_ltdc.c      0x00000000   Number         0  stm32f4xx_ltdc.o ABSOLUTE
    ..\\Stm32lib\\src\\stm32f4xx_pwr.c       0x00000000   Number         0  stm32f4xx_pwr.o ABSOLUTE
    ..\\Stm32lib\\src\\stm32f4xx_rcc.c       0x00000000   Number         0  stm32f4xx_rcc.o ABSOLUTE
    ..\\Stm32lib\\src\\stm32f4xx_rng.c       0x00000000   Number         0  stm32f4xx_rng.o ABSOLUTE
    ..\\Stm32lib\\src\\stm32f4xx_rtc.c       0x00000000   Number         0  stm32f4xx_rtc.o ABSOLUTE
    ..\\Stm32lib\\src\\stm32f4xx_sai.c       0x00000000   Number         0  stm32f4xx_sai.o ABSOLUTE
    ..\\Stm32lib\\src\\stm32f4xx_sdio.c      0x00000000   Number         0  stm32f4xx_sdio.o ABSOLUTE
    ..\\Stm32lib\\src\\stm32f4xx_spi.c       0x00000000   Number         0  stm32f4xx_spi.o ABSOLUTE
    ..\\Stm32lib\\src\\stm32f4xx_syscfg.c    0x00000000   Number         0  stm32f4xx_syscfg.o ABSOLUTE
    ..\\Stm32lib\\src\\stm32f4xx_tim.c       0x00000000   Number         0  stm32f4xx_tim.o ABSOLUTE
    ..\\Stm32lib\\src\\stm32f4xx_usart.c     0x00000000   Number         0  stm32f4xx_usart.o ABSOLUTE
    ..\\Stm32lib\\src\\stm32f4xx_wwdg.c      0x00000000   Number         0  stm32f4xx_wwdg.o ABSOLUTE
    ..\\Stm32lib\\src\\system_stm32f4xx.c    0x00000000   Number         0  system_stm32f4xx.o ABSOLUTE
    dc.s                                     0x00000000   Number         0  dc.o ABSOLUTE
    RESET                                    0x08000000   Section      392  startup_stm32f40_41xxx.o(RESET)
    !!!main                                  0x08000188   Section        8  __main.o(!!!main)
    !!!scatter                               0x08000190   Section       52  __scatter.o(!!!scatter)
    !!handler_copy                           0x080001c4   Section       26  __scatter_copy.o(!!handler_copy)
    !!handler_zi                             0x080001e0   Section       28  __scatter_zi.o(!!handler_zi)
    .ARM.Collect$$libinit$$00000000          0x080001fc   Section        2  libinit.o(.ARM.Collect$$libinit$$00000000)
    .ARM.Collect$$libinit$$00000001          0x080001fe   Section        4  libinit2.o(.ARM.Collect$$libinit$$00000001)
    .ARM.Collect$$libinit$$00000004          0x08000202   Section        0  libinit2.o(.ARM.Collect$$libinit$$00000004)
    .ARM.Collect$$libinit$$0000000A          0x08000202   Section        0  libinit2.o(.ARM.Collect$$libinit$$0000000A)
    .ARM.Collect$$libinit$$0000000C          0x08000202   Section        0  libinit2.o(.ARM.Collect$$libinit$$0000000C)
    .ARM.Collect$$libinit$$0000000E          0x08000202   Section        0  libinit2.o(.ARM.Collect$$libinit$$0000000E)
    .ARM.Collect$$libinit$$00000011          0x08000202   Section        0  libinit2.o(.ARM.Collect$$libinit$$00000011)
    .ARM.Collect$$libinit$$00000013          0x08000202   Section        0  libinit2.o(.ARM.Collect$$libinit$$00000013)
    .ARM.Collect$$libinit$$00000015          0x08000202   Section        0  libinit2.o(.ARM.Collect$$libinit$$00000015)
    .ARM.Collect$$libinit$$00000017          0x08000202   Section        0  libinit2.o(.ARM.Collect$$libinit$$00000017)
    .ARM.Collect$$libinit$$00000019          0x08000202   Section        0  libinit2.o(.ARM.Collect$$libinit$$00000019)
    .ARM.Collect$$libinit$$0000001B          0x08000202   Section        0  libinit2.o(.ARM.Collect$$libinit$$0000001B)
    .ARM.Collect$$libinit$$0000001D          0x08000202   Section        0  libinit2.o(.ARM.Collect$$libinit$$0000001D)
    .ARM.Collect$$libinit$$0000001F          0x08000202   Section        0  libinit2.o(.ARM.Collect$$libinit$$0000001F)
    .ARM.Collect$$libinit$$00000021          0x08000202   Section        0  libinit2.o(.ARM.Collect$$libinit$$00000021)
    .ARM.Collect$$libinit$$00000023          0x08000202   Section        0  libinit2.o(.ARM.Collect$$libinit$$00000023)
    .ARM.Collect$$libinit$$00000025          0x08000202   Section        0  libinit2.o(.ARM.Collect$$libinit$$00000025)
    .ARM.Collect$$libinit$$0000002C          0x08000202   Section        0  libinit2.o(.ARM.Collect$$libinit$$0000002C)
    .ARM.Collect$$libinit$$0000002E          0x08000202   Section        0  libinit2.o(.ARM.Collect$$libinit$$0000002E)
    .ARM.Collect$$libinit$$00000030          0x08000202   Section        0  libinit2.o(.ARM.Collect$$libinit$$00000030)
    .ARM.Collect$$libinit$$00000031          0x08000202   Section        4  libinit2.o(.ARM.Collect$$libinit$$00000031)
    .ARM.Collect$$libinit$$00000032          0x08000206   Section        0  libinit2.o(.ARM.Collect$$libinit$$00000032)
    .ARM.Collect$$libinit$$00000033          0x08000206   Section        2  libinit2.o(.ARM.Collect$$libinit$$00000033)
    .ARM.Collect$$libshutdown$$00000000      0x08000208   Section        2  libshutdown.o(.ARM.Collect$$libshutdown$$00000000)
    .ARM.Collect$$libshutdown$$00000002      0x0800020a   Section        0  libshutdown2.o(.ARM.Collect$$libshutdown$$00000002)
    .ARM.Collect$$libshutdown$$00000004      0x0800020a   Section        0  libshutdown2.o(.ARM.Collect$$libshutdown$$00000004)
    .ARM.Collect$$libshutdown$$00000006      0x0800020a   Section        0  libshutdown2.o(.ARM.Collect$$libshutdown$$00000006)
    .ARM.Collect$$libshutdown$$00000009      0x0800020a   Section        0  libshutdown2.o(.ARM.Collect$$libshutdown$$00000009)
    .ARM.Collect$$libshutdown$$0000000C      0x0800020a   Section        0  libshutdown2.o(.ARM.Collect$$libshutdown$$0000000C)
    .ARM.Collect$$libshutdown$$0000000E      0x0800020a   Section        0  libshutdown2.o(.ARM.Collect$$libshutdown$$0000000E)
    .ARM.Collect$$libshutdown$$00000011      0x0800020a   Section        0  libshutdown2.o(.ARM.Collect$$libshutdown$$00000011)
    .ARM.Collect$$libshutdown$$00000012      0x0800020a   Section        2  libshutdown2.o(.ARM.Collect$$libshutdown$$00000012)
    .ARM.Collect$$rtentry$$00000000          0x0800020c   Section        0  __rtentry.o(.ARM.Collect$$rtentry$$00000000)
    .ARM.Collect$$rtentry$$00000002          0x0800020c   Section        0  __rtentry2.o(.ARM.Collect$$rtentry$$00000002)
    .ARM.Collect$$rtentry$$00000004          0x0800020c   Section        6  __rtentry4.o(.ARM.Collect$$rtentry$$00000004)
    .ARM.Collect$$rtentry$$00000009          0x08000212   Section        0  __rtentry2.o(.ARM.Collect$$rtentry$$00000009)
    .ARM.Collect$$rtentry$$0000000A          0x08000212   Section        4  __rtentry2.o(.ARM.Collect$$rtentry$$0000000A)
    .ARM.Collect$$rtentry$$0000000C          0x08000216   Section        0  __rtentry2.o(.ARM.Collect$$rtentry$$0000000C)
    .ARM.Collect$$rtentry$$0000000D          0x08000216   Section        8  __rtentry2.o(.ARM.Collect$$rtentry$$0000000D)
    .ARM.Collect$$rtexit$$00000000           0x0800021e   Section        2  rtexit.o(.ARM.Collect$$rtexit$$00000000)
    .ARM.Collect$$rtexit$$00000002           0x08000220   Section        0  rtexit2.o(.ARM.Collect$$rtexit$$00000002)
    .ARM.Collect$$rtexit$$00000003           0x08000220   Section        4  rtexit2.o(.ARM.Collect$$rtexit$$00000003)
    .ARM.Collect$$rtexit$$00000004           0x08000224   Section        6  rtexit2.o(.ARM.Collect$$rtexit$$00000004)
    .text                                    0x0800022c   Section       64  startup_stm32f40_41xxx.o(.text)
    $v0                                      0x0800022c   Number         0  startup_stm32f40_41xxx.o(.text)
    .text                                    0x0800026c   Section      138  rt_memcpy_v6.o(.text)
    .text                                    0x080002f6   Section      100  rt_memcpy_w.o(.text)
    .text                                    0x0800035a   Section        0  heapauxi.o(.text)
    .text                                    0x08000360   Section        0  init_aeabi.o(.text)
    .text                                    0x08000384   Section       74  sys_stackheap_outer.o(.text)
    .text                                    0x080003ce   Section        0  exit.o(.text)
    .text                                    0x080003e0   Section        8  libspace.o(.text)
    .text                                    0x080003e8   Section        2  use_no_semi.o(.text)
    .text                                    0x080003ea   Section        0  indicate_semi.o(.text)
    .text                                    0x080003ec   Section        0  sys_exit.o(.text)
    i.CAN_FilterInit                         0x080003f8   Section        0  stm32f4xx_can.o(i.CAN_FilterInit)
    i.CAN_ITConfig                           0x08000500   Section        0  stm32f4xx_can.o(i.CAN_ITConfig)
    i.CAN_Init                               0x08000512   Section        0  stm32f4xx_can.o(i.CAN_Init)
    i.GPIO_Init                              0x08000626   Section        0  stm32f4xx_gpio.o(i.GPIO_Init)
    i.GPIO_PinAFConfig                       0x080006b6   Section        0  stm32f4xx_gpio.o(i.GPIO_PinAFConfig)
    i.GPIO_ResetBits                         0x080006fc   Section        0  stm32f4xx_gpio.o(i.GPIO_ResetBits)
    i.GPIO_SetBits                           0x08000700   Section        0  stm32f4xx_gpio.o(i.GPIO_SetBits)
    i.GPIO_StructInit                        0x08000704   Section        0  stm32f4xx_gpio.o(i.GPIO_StructInit)
    i.GPIO_ToggleBits                        0x08000716   Section        0  stm32f4xx_gpio.o(i.GPIO_ToggleBits)
    i.HardFault_Handler                      0x08000720   Section        0  stm32f4xx_it.o(i.HardFault_Handler)
    i.NVIC_Init                              0x08000730   Section        0  misc.o(i.NVIC_Init)
    i.NVIC_PriorityGroupConfig               0x080007a8   Section        0  misc.o(i.NVIC_PriorityGroupConfig)
    i.RCC_AHB1PeriphClockCmd                 0x080007bc   Section        0  stm32f4xx_rcc.o(i.RCC_AHB1PeriphClockCmd)
    i.RCC_APB1PeriphClockCmd                 0x080007dc   Section        0  stm32f4xx_rcc.o(i.RCC_APB1PeriphClockCmd)
    i.RCC_APB1PeriphResetCmd                 0x080007fc   Section        0  stm32f4xx_rcc.o(i.RCC_APB1PeriphResetCmd)
    i.RCC_APB2PeriphClockCmd                 0x0800081c   Section        0  stm32f4xx_rcc.o(i.RCC_APB2PeriphClockCmd)
    i.RCC_APB2PeriphResetCmd                 0x0800083c   Section        0  stm32f4xx_rcc.o(i.RCC_APB2PeriphResetCmd)
    i.RCC_GetClocksFreq                      0x0800085c   Section        0  stm32f4xx_rcc.o(i.RCC_GetClocksFreq)
    i.SPI_Cmd                                0x08000944   Section        0  stm32f4xx_spi.o(i.SPI_Cmd)
    i.SPI_I2S_GetFlagStatus                  0x0800095c   Section        0  stm32f4xx_spi.o(i.SPI_I2S_GetFlagStatus)
    i.SPI_I2S_SendData                       0x0800096e   Section        0  stm32f4xx_spi.o(i.SPI_I2S_SendData)
    i.SPI_Init                               0x08000972   Section        0  stm32f4xx_spi.o(i.SPI_Init)
    i.SetSysClock                            0x080009b0   Section        0  system_stm32f4xx.o(i.SetSysClock)
    SetSysClock                              0x080009b1   Thumb Code   220  system_stm32f4xx.o(i.SetSysClock)
    i.SysTick_CLKSourceConfig                0x08000a9c   Section        0  misc.o(i.SysTick_CLKSourceConfig)
    i.SystemInit                             0x08000ac4   Section        0  system_stm32f4xx.o(i.SystemInit)
    i.System_Timer_Init                      0x08000b2c   Section        0  delay.o(i.System_Timer_Init)
    i.TIM6_DAC_IRQHandler                    0x08000b68   Section        0  stm32f4xx_it.o(i.TIM6_DAC_IRQHandler)
    i.TIM_ClearITPendingBit                  0x08000bcc   Section        0  stm32f4xx_tim.o(i.TIM_ClearITPendingBit)
    i.TIM_Cmd                                0x08000bd2   Section        0  stm32f4xx_tim.o(i.TIM_Cmd)
    i.TIM_GetITStatus                        0x08000bea   Section        0  stm32f4xx_tim.o(i.TIM_GetITStatus)
    i.TIM_ITConfig                           0x08000c0c   Section        0  stm32f4xx_tim.o(i.TIM_ITConfig)
    i.TIM_TimeBaseInit                       0x08000c20   Section        0  stm32f4xx_tim.o(i.TIM_TimeBaseInit)
    i.USART2_IRQHandler                      0x08000ca4   Section        0  stm32f4xx_it.o(i.USART2_IRQHandler)
    i.USART_ClearITPendingBit                0x08000ce0   Section        0  stm32f4xx_usart.o(i.USART_ClearITPendingBit)
    i.USART_Cmd                              0x08000cfe   Section        0  stm32f4xx_usart.o(i.USART_Cmd)
    i.USART_GetFlagStatus                    0x08000d16   Section        0  stm32f4xx_usart.o(i.USART_GetFlagStatus)
    i.USART_GetITStatus                      0x08000d30   Section        0  stm32f4xx_usart.o(i.USART_GetITStatus)
    i.USART_ITConfig                         0x08000d84   Section        0  stm32f4xx_usart.o(i.USART_ITConfig)
    i.USART_Init                             0x08000dd0   Section        0  stm32f4xx_usart.o(i.USART_Init)
    i.USART_SendData                         0x08000ea4   Section        0  stm32f4xx_usart.o(i.USART_SendData)
    i._Z10systemInitv                        0x08000eac   Section        0  main.o(i._Z10systemInitv)
    i._Z15constructorInitv                   0x08000ec4   Section        0  main.o(i._Z15constructorInitv)
    i._ZN11Xm_AbstractC1Ev                   0x08000f28   Section        0  main.o(i._ZN11Xm_AbstractC1Ev)
    i._ZN11Xm_Hardware14xmHardwareInitEv     0x08001020   Section        0  xm_hardware.o(i._ZN11Xm_Hardware14xmHardwareInitEv)
    i._ZN11Xm_Hardware16vcselBiasControlEv   0x08001024   Section        0  xm_hardware.o(i._ZN11Xm_Hardware16vcselBiasControlEv)
    i._ZN11Xm_Hardware17xmHardwareTopCallEv  0x08001058   Section        0  xm_hardware.o(i._ZN11Xm_Hardware17xmHardwareTopCallEv)
    i._ZN11Xm_Hardware19vcselSinefreControlEv 0x08001070   Section        0  xm_hardware.o(i._ZN11Xm_Hardware19vcselSinefreControlEv)
    i._ZN11Xm_Hardware19vcselSinep2pControlEv 0x080010a4   Section        0  xm_hardware.o(i._ZN11Xm_Hardware19vcselSinep2pControlEv)
    i._ZN16Board_controller11SetLedStateEhh  0x080010d8   Section        0  broad_controller.o(i._ZN16Board_controller11SetLedStateEhh)
    i._ZN16Board_controller11Xm_Led_InitEv   0x0800113c   Section        0  broad_controller.o(i._ZN16Board_controller11Xm_Led_InitEv)
    i._ZN16Board_controller12Xm_NVIC_InitEv  0x0800117c   Section        0  broad_controller.o(i._ZN16Board_controller12Xm_NVIC_InitEv)
    i._ZN16Board_controller13SPI3SendUSIntEt 0x0800118c   Section        0  broad_controller.o(i._ZN16Board_controller13SPI3SendUSIntEt)
    i._ZN16Board_controller13Xm_Timer_InitEv 0x080011dc   Section        0  broad_controller.o(i._ZN16Board_controller13Xm_Timer_InitEv)
    i._ZN16Board_controller14SPI1SendBufferEPht 0x0800123c   Section        0  broad_controller.o(i._ZN16Board_controller14SPI1SendBufferEPht)
    i._ZN16Board_controller14SPI2SendBufferEPht 0x0800129c   Section        0  broad_controller.o(i._ZN16Board_controller14SPI2SendBufferEPht)
    i._ZN16Board_controller14boardBasicInitEv 0x08001308   Section        0  broad_controller.o(i._ZN16Board_controller14boardBasicInitEv)
    i._ZN16Board_controller14rs485_sendcharEh 0x08001344   Section        0  broad_controller.o(i._ZN16Board_controller14rs485_sendcharEh)
    i._ZN16Board_controller15Vcsel_Bias_InitEv 0x0800136c   Section        0  broad_controller.o(i._ZN16Board_controller15Vcsel_Bias_InitEv)
    i._ZN16Board_controller18Vcsel_Sinefre_InitEv 0x08001450   Section        0  broad_controller.o(i._ZN16Board_controller18Vcsel_Sinefre_InitEv)
    i._ZN16Board_controller18Vcsel_Sinep2p_InitEv 0x08001544   Section        0  broad_controller.o(i._ZN16Board_controller18Vcsel_Sinep2p_InitEv)
    i._ZN16Board_controller19Xm_Communicate_InitEv 0x0800162c   Section        0  broad_controller.o(i._ZN16Board_controller19Xm_Communicate_InitEv)
    i._ZN16Board_controller20Xm_System_timer_InitEv 0x08001704   Section        0  broad_controller.o(i._ZN16Board_controller20Xm_System_timer_InitEv)
    i._ZN16Board_controller25Xm_Motor_Communicate_InitEv 0x08001710   Section        0  broad_controller.o(i._ZN16Board_controller25Xm_Motor_Communicate_InitEv)
    i._ZN16Board_controller9rs485_cmdEh      0x08001808   Section        0  broad_controller.o(i._ZN16Board_controller9rs485_cmdEh)
    i._ZN16Board_controllerC1Ev              0x0800182c   Section        0  broad_controller.o(i._ZN16Board_controllerC1Ev)
    i._ZN5Queue10emptyCheckEv                0x0800183c   Section        0  queue.o(i._ZN5Queue10emptyCheckEv)
    i._ZN5Queue7getDataEv                    0x0800184e   Section        0  queue.o(i._ZN5Queue7getDataEv)
    i._ZN5Queue7putDataEh                    0x0800186a   Section        0  queue.o(i._ZN5Queue7putDataEh)
    i._ZN5Queue9fullCheckEv                  0x08001884   Section        0  queue.o(i._ZN5Queue9fullCheckEv)
    i._ZN5QueueC1Ev                          0x08001898   Section        0  queue.o(i._ZN5QueueC1Ev)
    i._ZN5Vcsel14set_vcsel_biasEf            0x080018a4   Section        0  vcsel.o(i._ZN5Vcsel14set_vcsel_biasEf)
    i._ZN5Vcsel17set_vcsel_sinefreEf         0x080018fc   Section        0  vcsel.o(i._ZN5Vcsel17set_vcsel_sinefreEf)
    i._ZN5Vcsel17set_vcsel_sinep2pEf         0x08001990   Section        0  vcsel.o(i._ZN5Vcsel17set_vcsel_sinep2pEf)
    i._ZN6HFLink10sendBufferEPht             0x080019e8   Section        0  hf_link.o(i._ZN6HFLink10sendBufferEPht)
    i._ZN6HFLink10sendSignalEh               0x08001a08   Section        0  hf_link.o(i._ZN6HFLink10sendSignalEh)
    i._ZN6HFLink10sendStructE7CommandPht     0x08001a2c   Section        0  hf_link.o(i._ZN6HFLink10sendStructE7CommandPht)
    i._ZN6HFLink11sendMessageEv              0x08001a6e   Section        0  hf_link.o(i._ZN6HFLink11sendMessageEv)
    i._ZN6HFLink15packageAnalysisEv          0x08001b08   Section        0  hf_link.o(i._ZN6HFLink15packageAnalysisEv)
    i._ZN6HFLink16byteAnalysisCallEh         0x08001baa   Section        0  hf_link.o(i._ZN6HFLink16byteAnalysisCallEh)
    i._ZN6HFLink18setCommandAnalysisE7CommandPht 0x08001bf4   Section        0  hf_link.o(i._ZN6HFLink18setCommandAnalysisE7CommandPht)
    i._ZN6HFLink19receiveFiniteStatesEh      0x08001cb0   Section        0  hf_link.o(i._ZN6HFLink19receiveFiniteStatesEh)
    i._ZN6HFLinkC1EP11Xm_Abstract            0x08001e0a   Section        0  hf_link.o(i._ZN6HFLinkC1EP11Xm_Abstract)
    i.__sti___11_hf_link_cpp_e72e2d20        0x08001e50   Section        0  hf_link.o(i.__sti___11_hf_link_cpp_e72e2d20)
    __sti___11_hf_link_cpp_e72e2d20          0x08001e51   Thumb Code    12  hf_link.o(i.__sti___11_hf_link_cpp_e72e2d20)
    i.__sti___15_xm_hardware_cpp_xm_robot    0x08001e64   Section        0  xm_hardware.o(i.__sti___15_xm_hardware_cpp_xm_robot)
    __sti___15_xm_hardware_cpp_xm_robot      0x08001e65   Thumb Code    14  xm_hardware.o(i.__sti___15_xm_hardware_cpp_xm_robot)
    i.__sti___20_broad_controller_cpp_e0fcb226 0x08001e7c   Section        0  broad_controller.o(i.__sti___20_broad_controller_cpp_e0fcb226)
    __sti___20_broad_controller_cpp_e0fcb226 0x08001e7d   Thumb Code    10  broad_controller.o(i.__sti___20_broad_controller_cpp_e0fcb226)
    i.__sti___9_queue_cpp_queue              0x08001e8c   Section        0  queue.o(i.__sti___9_queue_cpp_queue)
    __sti___9_queue_cpp_queue                0x08001e8d   Thumb Code    10  queue.o(i.__sti___9_queue_cpp_queue)
    i.__sti___9_vcsel_cpp_vcsel              0x08001e9c   Section        0  vcsel.o(i.__sti___9_vcsel_cpp_vcsel)
    __sti___9_vcsel_cpp_vcsel                0x08001e9d   Thumb Code    54  vcsel.o(i.__sti___9_vcsel_cpp_vcsel)
    i.delay_us                               0x08001edc   Section        0  delay.o(i.delay_us)
    i.main                                   0x08001f28   Section        0  main.o(i.main)
    x$fpl$dfixu                              0x08001fe8   Section       90  dfixu.o(x$fpl$dfixu)
    $v0                                      0x08001fe8   Number         0  dfixu.o(x$fpl$dfixu)
    x$fpl$dfltu                              0x08002042   Section       38  dflt_clz.o(x$fpl$dfltu)
    $v0                                      0x08002042   Number         0  dflt_clz.o(x$fpl$dfltu)
    x$fpl$dmul                               0x08002068   Section      340  dmul.o(x$fpl$dmul)
    $v0                                      0x08002068   Number         0  dmul.o(x$fpl$dmul)
    x$fpl$dnaninf                            0x080021bc   Section      156  dnaninf.o(x$fpl$dnaninf)
    $v0                                      0x080021bc   Number         0  dnaninf.o(x$fpl$dnaninf)
    x$fpl$dretinf                            0x08002258   Section       12  dretinf.o(x$fpl$dretinf)
    $v0                                      0x08002258   Number         0  dretinf.o(x$fpl$dretinf)
    x$fpl$fpinit                             0x08002264   Section       10  fpinit.o(x$fpl$fpinit)
    $v0                                      0x08002264   Number         0  fpinit.o(x$fpl$fpinit)
    x$fpl$usenofp                            0x0800226e   Section        0  usenofp.o(x$fpl$usenofp)
    .init_array                              0x08002290   Section        4  broad_controller.o(.init_array)
    .init_array                              0x08002294   Section        4  queue.o(.init_array)
    .init_array                              0x08002298   Section        4  hf_link.o(.init_array)
    .init_array                              0x0800229c   Section        4  xm_hardware.o(.init_array)
    .init_array                              0x080022a0   Section        4  vcsel.o(.init_array)
    .init_array                              0x080022a4   Section        0  init_aeabi.o(.init_array)
    .data                                    0x20000000   Section       16  stm32f4xx_rcc.o(.data)
    APBAHBPrescTable                         0x20000000   Data          16  stm32f4xx_rcc.o(.data)
    .data                                    0x20000010   Section        4  delay.o(.data)
    fac_us                                   0x20000010   Data           1  delay.o(.data)
    fac_ms                                   0x20000012   Data           2  delay.o(.data)
    .data                                    0x20000014   Section        4  hf_link.o(.data)
    .bss                                     0x20000018   Section       18  broad_controller.o(.bss)
    .bss                                     0x2000002c   Section      264  queue.o(.bss)
    .bss                                     0x20000134   Section      396  hf_link.o(.bss)
    .bss                                     0x200002c0   Section      180  xm_hardware.o(.bss)
    .bss                                     0x20000374   Section       40  vcsel.o(.bss)
    .bss                                     0x2000039c   Section       96  libspace.o(.bss)
    HEAP                                     0x20000400   Section      512  startup_stm32f40_41xxx.o(HEAP)
    Heap_Mem                                 0x20000400   Data         512  startup_stm32f40_41xxx.o(HEAP)
    STACK                                    0x20000600   Section     1024  startup_stm32f40_41xxx.o(STACK)
    Stack_Mem                                0x20000600   Data        1024  startup_stm32f40_41xxx.o(STACK)
    __initial_sp                             0x20000a00   Data           0  startup_stm32f40_41xxx.o(STACK)

    Global Symbols

    Symbol Name                              Value     Ov Type        Size  Object(Section)

    BuildAttributes$$THM_ISAv4$E$P$D$K$B$S$7EM$VFPi3$EXTD16$VFPS$VFMA$PE$A:L22UL41UL21$X:L11$S22US41US21$IEEE1$IW$USESV6$~STKCKD$USESV7$~SHL$OSPACE$ROPI$EBA8$UX$STANDARDLIB$REQ8$PRES8$EABIv2 0x00000000   Number         0  anon$$obj.o ABSOLUTE
    __ARM_use_no_argv                        0x00000000   Number         0  main.o ABSOLUTE
    __ARM_exceptions_init                     - Undefined Weak Reference
    __alloca_initialize                       - Undefined Weak Reference
    __arm_fini_                               - Undefined Weak Reference
    __arm_preinit_                            - Undefined Weak Reference
    __cxa_finalize                            - Undefined Weak Reference
    __rt_locale                               - Undefined Weak Reference
    __sigvec_lookup                           - Undefined Weak Reference
    _atexit_init                              - Undefined Weak Reference
    _call_atexit_fns                          - Undefined Weak Reference
    _clock_init                               - Undefined Weak Reference
    _fp_trap_init                             - Undefined Weak Reference
    _fp_trap_shutdown                         - Undefined Weak Reference
    _get_lc_collate                           - Undefined Weak Reference
    _get_lc_ctype                             - Undefined Weak Reference
    _get_lc_monetary                          - Undefined Weak Reference
    _get_lc_numeric                           - Undefined Weak Reference
    _get_lc_time                              - Undefined Weak Reference
    _getenv_init                              - Undefined Weak Reference
    _handle_redirection                       - Undefined Weak Reference
    _init_alloc                               - Undefined Weak Reference
    _init_user_alloc                          - Undefined Weak Reference
    _initio                                   - Undefined Weak Reference
    _rand_init                                - Undefined Weak Reference
    _signal_finish                            - Undefined Weak Reference
    _signal_init                              - Undefined Weak Reference
    _terminate_alloc                          - Undefined Weak Reference
    _terminate_user_alloc                     - Undefined Weak Reference
    _terminateio                              - Undefined Weak Reference
    __Vectors_Size                           0x00000188   Number         0  startup_stm32f40_41xxx.o ABSOLUTE
    __Vectors                                0x08000000   Data           4  startup_stm32f40_41xxx.o(RESET)
    __Vectors_End                            0x08000188   Data           0  startup_stm32f40_41xxx.o(RESET)
    __main                                   0x08000189   Thumb Code     8  __main.o(!!!main)
    __scatterload                            0x08000191   Thumb Code     0  __scatter.o(!!!scatter)
    __scatterload_rt2                        0x08000191   Thumb Code    44  __scatter.o(!!!scatter)
    __scatterload_rt2_thumb_only             0x08000191   Thumb Code     0  __scatter.o(!!!scatter)
    __scatterload_null                       0x0800019f   Thumb Code     0  __scatter.o(!!!scatter)
    __scatterload_copy                       0x080001c5   Thumb Code    26  __scatter_copy.o(!!handler_copy)
    __scatterload_zeroinit                   0x080001e1   Thumb Code    28  __scatter_zi.o(!!handler_zi)
    __rt_lib_init                            0x080001fd   Thumb Code     0  libinit.o(.ARM.Collect$$libinit$$00000000)
    __rt_lib_init_fp_1                       0x080001ff   Thumb Code     0  libinit2.o(.ARM.Collect$$libinit$$00000001)
    __rt_lib_init_alloca_1                   0x08000203   Thumb Code     0  libinit2.o(.ARM.Collect$$libinit$$0000002E)
    __rt_lib_init_argv_1                     0x08000203   Thumb Code     0  libinit2.o(.ARM.Collect$$libinit$$0000002C)
    __rt_lib_init_atexit_1                   0x08000203   Thumb Code     0  libinit2.o(.ARM.Collect$$libinit$$0000001B)
    __rt_lib_init_clock_1                    0x08000203   Thumb Code     0  libinit2.o(.ARM.Collect$$libinit$$00000021)
    __rt_lib_init_cpp_2                      0x08000203   Thumb Code     0  libinit2.o(.ARM.Collect$$libinit$$00000031)
    __rt_lib_init_exceptions_1               0x08000203   Thumb Code     0  libinit2.o(.ARM.Collect$$libinit$$00000030)
    __rt_lib_init_fp_trap_1                  0x08000203   Thumb Code     0  libinit2.o(.ARM.Collect$$libinit$$0000001F)
    __rt_lib_init_getenv_1                   0x08000203   Thumb Code     0  libinit2.o(.ARM.Collect$$libinit$$00000023)
    __rt_lib_init_heap_1                     0x08000203   Thumb Code     0  libinit2.o(.ARM.Collect$$libinit$$0000000A)
    __rt_lib_init_lc_collate_1               0x08000203   Thumb Code     0  libinit2.o(.ARM.Collect$$libinit$$00000011)
    __rt_lib_init_lc_ctype_1                 0x08000203   Thumb Code     0  libinit2.o(.ARM.Collect$$libinit$$00000013)
    __rt_lib_init_lc_monetary_1              0x08000203   Thumb Code     0  libinit2.o(.ARM.Collect$$libinit$$00000015)
    __rt_lib_init_lc_numeric_1               0x08000203   Thumb Code     0  libinit2.o(.ARM.Collect$$libinit$$00000017)
    __rt_lib_init_lc_time_1                  0x08000203   Thumb Code     0  libinit2.o(.ARM.Collect$$libinit$$00000019)
    __rt_lib_init_preinit_1                  0x08000203   Thumb Code     0  libinit2.o(.ARM.Collect$$libinit$$00000004)
    __rt_lib_init_rand_1                     0x08000203   Thumb Code     0  libinit2.o(.ARM.Collect$$libinit$$0000000E)
    __rt_lib_init_signal_1                   0x08000203   Thumb Code     0  libinit2.o(.ARM.Collect$$libinit$$0000001D)
    __rt_lib_init_stdio_1                    0x08000203   Thumb Code     0  libinit2.o(.ARM.Collect$$libinit$$00000025)
    __rt_lib_init_user_alloc_1               0x08000203   Thumb Code     0  libinit2.o(.ARM.Collect$$libinit$$0000000C)
    __rt_lib_init_cpp_1                      0x08000207   Thumb Code     0  libinit2.o(.ARM.Collect$$libinit$$00000032)
    __rt_lib_init_return                     0x08000207   Thumb Code     0  libinit2.o(.ARM.Collect$$libinit$$00000033)
    __rt_lib_shutdown                        0x08000209   Thumb Code     0  libshutdown.o(.ARM.Collect$$libshutdown$$00000000)
    __rt_lib_shutdown_cpp_1                  0x0800020b   Thumb Code     0  libshutdown2.o(.ARM.Collect$$libshutdown$$00000004)
    __rt_lib_shutdown_fini_1                 0x0800020b   Thumb Code     0  libshutdown2.o(.ARM.Collect$$libshutdown$$00000002)
    __rt_lib_shutdown_fp_trap_1              0x0800020b   Thumb Code     0  libshutdown2.o(.ARM.Collect$$libshutdown$$00000009)
    __rt_lib_shutdown_heap_1                 0x0800020b   Thumb Code     0  libshutdown2.o(.ARM.Collect$$libshutdown$$00000011)
    __rt_lib_shutdown_return                 0x0800020b   Thumb Code     0  libshutdown2.o(.ARM.Collect$$libshutdown$$00000012)
    __rt_lib_shutdown_signal_1               0x0800020b   Thumb Code     0  libshutdown2.o(.ARM.Collect$$libshutdown$$0000000C)
    __rt_lib_shutdown_stdio_1                0x0800020b   Thumb Code     0  libshutdown2.o(.ARM.Collect$$libshutdown$$00000006)
    __rt_lib_shutdown_user_alloc_1           0x0800020b   Thumb Code     0  libshutdown2.o(.ARM.Collect$$libshutdown$$0000000E)
    __rt_entry                               0x0800020d   Thumb Code     0  __rtentry.o(.ARM.Collect$$rtentry$$00000000)
    __rt_entry_presh_1                       0x0800020d   Thumb Code     0  __rtentry2.o(.ARM.Collect$$rtentry$$00000002)
    __rt_entry_sh                            0x0800020d   Thumb Code     0  __rtentry4.o(.ARM.Collect$$rtentry$$00000004)
    __rt_entry_li                            0x08000213   Thumb Code     0  __rtentry2.o(.ARM.Collect$$rtentry$$0000000A)
    __rt_entry_postsh_1                      0x08000213   Thumb Code     0  __rtentry2.o(.ARM.Collect$$rtentry$$00000009)
    __rt_entry_main                          0x08000217   Thumb Code     0  __rtentry2.o(.ARM.Collect$$rtentry$$0000000D)
    __rt_entry_postli_1                      0x08000217   Thumb Code     0  __rtentry2.o(.ARM.Collect$$rtentry$$0000000C)
    __rt_exit                                0x0800021f   Thumb Code     0  rtexit.o(.ARM.Collect$$rtexit$$00000000)
    __rt_exit_ls                             0x08000221   Thumb Code     0  rtexit2.o(.ARM.Collect$$rtexit$$00000003)
    __rt_exit_prels_1                        0x08000221   Thumb Code     0  rtexit2.o(.ARM.Collect$$rtexit$$00000002)
    __rt_exit_exit                           0x08000225   Thumb Code     0  rtexit2.o(.ARM.Collect$$rtexit$$00000004)
    Reset_Handler                            0x0800022d   Thumb Code     8  startup_stm32f40_41xxx.o(.text)
    NMI_Handler                              0x08000235   Thumb Code     2  startup_stm32f40_41xxx.o(.text)
    MemManage_Handler                        0x08000239   Thumb Code     2  startup_stm32f40_41xxx.o(.text)
    BusFault_Handler                         0x0800023b   Thumb Code     2  startup_stm32f40_41xxx.o(.text)
    UsageFault_Handler                       0x0800023d   Thumb Code     2  startup_stm32f40_41xxx.o(.text)
    SVC_Handler                              0x0800023f   Thumb Code     2  startup_stm32f40_41xxx.o(.text)
    DebugMon_Handler                         0x08000241   Thumb Code     2  startup_stm32f40_41xxx.o(.text)
    PendSV_Handler                           0x08000243   Thumb Code     2  startup_stm32f40_41xxx.o(.text)
    SysTick_Handler                          0x08000245   Thumb Code     2  startup_stm32f40_41xxx.o(.text)
    ADC_IRQHandler                           0x08000247   Thumb Code     0  startup_stm32f40_41xxx.o(.text)
    CAN1_RX0_IRQHandler                      0x08000247   Thumb Code     0  startup_stm32f40_41xxx.o(.text)
    CAN1_RX1_IRQHandler                      0x08000247   Thumb Code     0  startup_stm32f40_41xxx.o(.text)
    CAN1_SCE_IRQHandler                      0x08000247   Thumb Code     0  startup_stm32f40_41xxx.o(.text)
    CAN1_TX_IRQHandler                       0x08000247   Thumb Code     0  startup_stm32f40_41xxx.o(.text)
    CAN2_RX0_IRQHandler                      0x08000247   Thumb Code     0  startup_stm32f40_41xxx.o(.text)
    CAN2_RX1_IRQHandler                      0x08000247   Thumb Code     0  startup_stm32f40_41xxx.o(.text)
    CAN2_SCE_IRQHandler                      0x08000247   Thumb Code     0  startup_stm32f40_41xxx.o(.text)
    CAN2_TX_IRQHandler                       0x08000247   Thumb Code     0  startup_stm32f40_41xxx.o(.text)
    CRYP_IRQHandler                          0x08000247   Thumb Code     0  startup_stm32f40_41xxx.o(.text)
    DCMI_IRQHandler                          0x08000247   Thumb Code     0  startup_stm32f40_41xxx.o(.text)
    DMA1_Stream0_IRQHandler                  0x08000247   Thumb Code     0  startup_stm32f40_41xxx.o(.text)
    DMA1_Stream1_IRQHandler                  0x08000247   Thumb Code     0  startup_stm32f40_41xxx.o(.text)
    DMA1_Stream2_IRQHandler                  0x08000247   Thumb Code     0  startup_stm32f40_41xxx.o(.text)
    DMA1_Stream3_IRQHandler                  0x08000247   Thumb Code     0  startup_stm32f40_41xxx.o(.text)
    DMA1_Stream4_IRQHandler                  0x08000247   Thumb Code     0  startup_stm32f40_41xxx.o(.text)
    DMA1_Stream5_IRQHandler                  0x08000247   Thumb Code     0  startup_stm32f40_41xxx.o(.text)
    DMA1_Stream6_IRQHandler                  0x08000247   Thumb Code     0  startup_stm32f40_41xxx.o(.text)
    DMA1_Stream7_IRQHandler                  0x08000247   Thumb Code     0  startup_stm32f40_41xxx.o(.text)
    DMA2_Stream0_IRQHandler                  0x08000247   Thumb Code     0  startup_stm32f40_41xxx.o(.text)
    DMA2_Stream1_IRQHandler                  0x08000247   Thumb Code     0  startup_stm32f40_41xxx.o(.text)
    DMA2_Stream2_IRQHandler                  0x08000247   Thumb Code     0  startup_stm32f40_41xxx.o(.text)
    DMA2_Stream3_IRQHandler                  0x08000247   Thumb Code     0  startup_stm32f40_41xxx.o(.text)
    DMA2_Stream4_IRQHandler                  0x08000247   Thumb Code     0  startup_stm32f40_41xxx.o(.text)
    DMA2_Stream5_IRQHandler                  0x08000247   Thumb Code     0  startup_stm32f40_41xxx.o(.text)
    DMA2_Stream6_IRQHandler                  0x08000247   Thumb Code     0  startup_stm32f40_41xxx.o(.text)
    DMA2_Stream7_IRQHandler                  0x08000247   Thumb Code     0  startup_stm32f40_41xxx.o(.text)
    ETH_IRQHandler                           0x08000247   Thumb Code     0  startup_stm32f40_41xxx.o(.text)
    ETH_WKUP_IRQHandler                      0x08000247   Thumb Code     0  startup_stm32f40_41xxx.o(.text)
    EXTI0_IRQHandler                         0x08000247   Thumb Code     0  startup_stm32f40_41xxx.o(.text)
    EXTI15_10_IRQHandler                     0x08000247   Thumb Code     0  startup_stm32f40_41xxx.o(.text)
    EXTI1_IRQHandler                         0x08000247   Thumb Code     0  startup_stm32f40_41xxx.o(.text)
    EXTI2_IRQHandler                         0x08000247   Thumb Code     0  startup_stm32f40_41xxx.o(.text)
    EXTI3_IRQHandler                         0x08000247   Thumb Code     0  startup_stm32f40_41xxx.o(.text)
    EXTI4_IRQHandler                         0x08000247   Thumb Code     0  startup_stm32f40_41xxx.o(.text)
    EXTI9_5_IRQHandler                       0x08000247   Thumb Code     0  startup_stm32f40_41xxx.o(.text)
    FLASH_IRQHandler                         0x08000247   Thumb Code     0  startup_stm32f40_41xxx.o(.text)
    FPU_IRQHandler                           0x08000247   Thumb Code     0  startup_stm32f40_41xxx.o(.text)
    FSMC_IRQHandler                          0x08000247   Thumb Code     0  startup_stm32f40_41xxx.o(.text)
    HASH_RNG_IRQHandler                      0x08000247   Thumb Code     0  startup_stm32f40_41xxx.o(.text)
    I2C1_ER_IRQHandler                       0x08000247   Thumb Code     0  startup_stm32f40_41xxx.o(.text)
    I2C1_EV_IRQHandler                       0x08000247   Thumb Code     0  startup_stm32f40_41xxx.o(.text)
    I2C2_ER_IRQHandler                       0x08000247   Thumb Code     0  startup_stm32f40_41xxx.o(.text)
    I2C2_EV_IRQHandler                       0x08000247   Thumb Code     0  startup_stm32f40_41xxx.o(.text)
    I2C3_ER_IRQHandler                       0x08000247   Thumb Code     0  startup_stm32f40_41xxx.o(.text)
    I2C3_EV_IRQHandler                       0x08000247   Thumb Code     0  startup_stm32f40_41xxx.o(.text)
    OTG_FS_IRQHandler                        0x08000247   Thumb Code     0  startup_stm32f40_41xxx.o(.text)
    OTG_FS_WKUP_IRQHandler                   0x08000247   Thumb Code     0  startup_stm32f40_41xxx.o(.text)
    OTG_HS_EP1_IN_IRQHandler                 0x08000247   Thumb Code     0  startup_stm32f40_41xxx.o(.text)
    OTG_HS_EP1_OUT_IRQHandler                0x08000247   Thumb Code     0  startup_stm32f40_41xxx.o(.text)
    OTG_HS_IRQHandler                        0x08000247   Thumb Code     0  startup_stm32f40_41xxx.o(.text)
    OTG_HS_WKUP_IRQHandler                   0x08000247   Thumb Code     0  startup_stm32f40_41xxx.o(.text)
    PVD_IRQHandler                           0x08000247   Thumb Code     0  startup_stm32f40_41xxx.o(.text)
    RCC_IRQHandler                           0x08000247   Thumb Code     0  startup_stm32f40_41xxx.o(.text)
    RTC_Alarm_IRQHandler                     0x08000247   Thumb Code     0  startup_stm32f40_41xxx.o(.text)
    RTC_WKUP_IRQHandler                      0x08000247   Thumb Code     0  startup_stm32f40_41xxx.o(.text)
    SDIO_IRQHandler                          0x08000247   Thumb Code     0  startup_stm32f40_41xxx.o(.text)
    SPI1_IRQHandler                          0x08000247   Thumb Code     0  startup_stm32f40_41xxx.o(.text)
    SPI2_IRQHandler                          0x08000247   Thumb Code     0  startup_stm32f40_41xxx.o(.text)
    SPI3_IRQHandler                          0x08000247   Thumb Code     0  startup_stm32f40_41xxx.o(.text)
    TAMP_STAMP_IRQHandler                    0x08000247   Thumb Code     0  startup_stm32f40_41xxx.o(.text)
    TIM1_BRK_TIM9_IRQHandler                 0x08000247   Thumb Code     0  startup_stm32f40_41xxx.o(.text)
    TIM1_CC_IRQHandler                       0x08000247   Thumb Code     0  startup_stm32f40_41xxx.o(.text)
    TIM1_TRG_COM_TIM11_IRQHandler            0x08000247   Thumb Code     0  startup_stm32f40_41xxx.o(.text)
    TIM1_UP_TIM10_IRQHandler                 0x08000247   Thumb Code     0  startup_stm32f40_41xxx.o(.text)
    TIM2_IRQHandler                          0x08000247   Thumb Code     0  startup_stm32f40_41xxx.o(.text)
    TIM3_IRQHandler                          0x08000247   Thumb Code     0  startup_stm32f40_41xxx.o(.text)
    TIM4_IRQHandler                          0x08000247   Thumb Code     0  startup_stm32f40_41xxx.o(.text)
    TIM5_IRQHandler                          0x08000247   Thumb Code     0  startup_stm32f40_41xxx.o(.text)
    TIM7_IRQHandler                          0x08000247   Thumb Code     0  startup_stm32f40_41xxx.o(.text)
    TIM8_BRK_TIM12_IRQHandler                0x08000247   Thumb Code     0  startup_stm32f40_41xxx.o(.text)
    TIM8_CC_IRQHandler                       0x08000247   Thumb Code     0  startup_stm32f40_41xxx.o(.text)
    TIM8_TRG_COM_TIM14_IRQHandler            0x08000247   Thumb Code     0  startup_stm32f40_41xxx.o(.text)
    TIM8_UP_TIM13_IRQHandler                 0x08000247   Thumb Code     0  startup_stm32f40_41xxx.o(.text)
    UART4_IRQHandler                         0x08000247   Thumb Code     0  startup_stm32f40_41xxx.o(.text)
    UART5_IRQHandler                         0x08000247   Thumb Code     0  startup_stm32f40_41xxx.o(.text)
    USART1_IRQHandler                        0x08000247   Thumb Code     0  startup_stm32f40_41xxx.o(.text)
    USART3_IRQHandler                        0x08000247   Thumb Code     0  startup_stm32f40_41xxx.o(.text)
    USART6_IRQHandler                        0x08000247   Thumb Code     0  startup_stm32f40_41xxx.o(.text)
    WWDG_IRQHandler                          0x08000247   Thumb Code     0  startup_stm32f40_41xxx.o(.text)
    __user_initial_stackheap                 0x08000249   Thumb Code     0  startup_stm32f40_41xxx.o(.text)
    __aeabi_memcpy                           0x0800026d   Thumb Code     0  rt_memcpy_v6.o(.text)
    __rt_memcpy                              0x0800026d   Thumb Code   138  rt_memcpy_v6.o(.text)
    _memcpy_lastbytes                        0x080002d3   Thumb Code     0  rt_memcpy_v6.o(.text)
    __aeabi_memcpy4                          0x080002f7   Thumb Code     0  rt_memcpy_w.o(.text)
    __aeabi_memcpy8                          0x080002f7   Thumb Code     0  rt_memcpy_w.o(.text)
    __rt_memcpy_w                            0x080002f7   Thumb Code   100  rt_memcpy_w.o(.text)
    _memcpy_lastbytes_aligned                0x0800033f   Thumb Code     0  rt_memcpy_w.o(.text)
    __use_two_region_memory                  0x0800035b   Thumb Code     2  heapauxi.o(.text)
    __rt_heap_escrow$2region                 0x0800035d   Thumb Code     2  heapauxi.o(.text)
    __rt_heap_expand$2region                 0x0800035f   Thumb Code     2  heapauxi.o(.text)
    __cpp_initialize__aeabi_                 0x08000361   Thumb Code    26  init_aeabi.o(.text)
    __user_setup_stackheap                   0x08000385   Thumb Code    74  sys_stackheap_outer.o(.text)
    exit                                     0x080003cf   Thumb Code    18  exit.o(.text)
    __user_libspace                          0x080003e1   Thumb Code     8  libspace.o(.text)
    __user_perproc_libspace                  0x080003e1   Thumb Code     0  libspace.o(.text)
    __user_perthread_libspace                0x080003e1   Thumb Code     0  libspace.o(.text)
    __I$use$semihosting                      0x080003e9   Thumb Code     0  use_no_semi.o(.text)
    __use_no_semihosting_swi                 0x080003e9   Thumb Code     2  use_no_semi.o(.text)
    __semihosting_library_function           0x080003eb   Thumb Code     0  indicate_semi.o(.text)
    _sys_exit                                0x080003ed   Thumb Code     8  sys_exit.o(.text)
    CAN_FilterInit                           0x080003f9   Thumb Code   258  stm32f4xx_can.o(i.CAN_FilterInit)
    CAN_ITConfig                             0x08000501   Thumb Code    18  stm32f4xx_can.o(i.CAN_ITConfig)
    CAN_Init                                 0x08000513   Thumb Code   276  stm32f4xx_can.o(i.CAN_Init)
    GPIO_Init                                0x08000627   Thumb Code   144  stm32f4xx_gpio.o(i.GPIO_Init)
    GPIO_PinAFConfig                         0x080006b7   Thumb Code    70  stm32f4xx_gpio.o(i.GPIO_PinAFConfig)
    GPIO_ResetBits                           0x080006fd   Thumb Code     4  stm32f4xx_gpio.o(i.GPIO_ResetBits)
    GPIO_SetBits                             0x08000701   Thumb Code     4  stm32f4xx_gpio.o(i.GPIO_SetBits)
    GPIO_StructInit                          0x08000705   Thumb Code    18  stm32f4xx_gpio.o(i.GPIO_StructInit)
    GPIO_ToggleBits                          0x08000717   Thumb Code     8  stm32f4xx_gpio.o(i.GPIO_ToggleBits)
    HardFault_Handler                        0x08000721   Thumb Code    12  stm32f4xx_it.o(i.HardFault_Handler)
    NVIC_Init                                0x08000731   Thumb Code   106  misc.o(i.NVIC_Init)
    NVIC_PriorityGroupConfig                 0x080007a9   Thumb Code    10  misc.o(i.NVIC_PriorityGroupConfig)
    RCC_AHB1PeriphClockCmd                   0x080007bd   Thumb Code    26  stm32f4xx_rcc.o(i.RCC_AHB1PeriphClockCmd)
    RCC_APB1PeriphClockCmd                   0x080007dd   Thumb Code    26  stm32f4xx_rcc.o(i.RCC_APB1PeriphClockCmd)
    RCC_APB1PeriphResetCmd                   0x080007fd   Thumb Code    26  stm32f4xx_rcc.o(i.RCC_APB1PeriphResetCmd)
    RCC_APB2PeriphClockCmd                   0x0800081d   Thumb Code    26  stm32f4xx_rcc.o(i.RCC_APB2PeriphClockCmd)
    RCC_APB2PeriphResetCmd                   0x0800083d   Thumb Code    26  stm32f4xx_rcc.o(i.RCC_APB2PeriphResetCmd)
    RCC_GetClocksFreq                        0x0800085d   Thumb Code   214  stm32f4xx_rcc.o(i.RCC_GetClocksFreq)
    SPI_Cmd                                  0x08000945   Thumb Code    24  stm32f4xx_spi.o(i.SPI_Cmd)
    SPI_I2S_GetFlagStatus                    0x0800095d   Thumb Code    18  stm32f4xx_spi.o(i.SPI_I2S_GetFlagStatus)
    SPI_I2S_SendData                         0x0800096f   Thumb Code     4  stm32f4xx_spi.o(i.SPI_I2S_SendData)
    SPI_Init                                 0x08000973   Thumb Code    60  stm32f4xx_spi.o(i.SPI_Init)
    SysTick_CLKSourceConfig                  0x08000a9d   Thumb Code    40  misc.o(i.SysTick_CLKSourceConfig)
    SystemInit                               0x08000ac5   Thumb Code    88  system_stm32f4xx.o(i.SystemInit)
    System_Timer_Init                        0x08000b2d   Thumb Code    52  delay.o(i.System_Timer_Init)
    TIM6_DAC_IRQHandler                      0x08000b69   Thumb Code    90  stm32f4xx_it.o(i.TIM6_DAC_IRQHandler)
    TIM_ClearITPendingBit                    0x08000bcd   Thumb Code     6  stm32f4xx_tim.o(i.TIM_ClearITPendingBit)
    TIM_Cmd                                  0x08000bd3   Thumb Code    24  stm32f4xx_tim.o(i.TIM_Cmd)
    TIM_GetITStatus                          0x08000beb   Thumb Code    34  stm32f4xx_tim.o(i.TIM_GetITStatus)
    TIM_ITConfig                             0x08000c0d   Thumb Code    18  stm32f4xx_tim.o(i.TIM_ITConfig)
    TIM_TimeBaseInit                         0x08000c21   Thumb Code   104  stm32f4xx_tim.o(i.TIM_TimeBaseInit)
    USART2_IRQHandler                        0x08000ca5   Thumb Code    50  stm32f4xx_it.o(i.USART2_IRQHandler)
    USART_ClearITPendingBit                  0x08000ce1   Thumb Code    30  stm32f4xx_usart.o(i.USART_ClearITPendingBit)
    USART_Cmd                                0x08000cff   Thumb Code    24  stm32f4xx_usart.o(i.USART_Cmd)
    USART_GetFlagStatus                      0x08000d17   Thumb Code    26  stm32f4xx_usart.o(i.USART_GetFlagStatus)
    USART_GetITStatus                        0x08000d31   Thumb Code    84  stm32f4xx_usart.o(i.USART_GetITStatus)
    USART_ITConfig                           0x08000d85   Thumb Code    74  stm32f4xx_usart.o(i.USART_ITConfig)
    USART_Init                               0x08000dd1   Thumb Code   204  stm32f4xx_usart.o(i.USART_Init)
    USART_SendData                           0x08000ea5   Thumb Code     8  stm32f4xx_usart.o(i.USART_SendData)
    systemInit()                             0x08000ead   Thumb Code    16  main.o(i._Z10systemInitv)
    constructorInit()                        0x08000ec5   Thumb Code    82  main.o(i._Z15constructorInitv)
    Xm_Abstract::Xm_Abstract()               0x08000f29   Thumb Code   234  main.o(i._ZN11Xm_AbstractC1Ev)
    Xm_Abstract::Xm_Abstract__sub_object()   0x08000f29   Thumb Code     0  main.o(i._ZN11Xm_AbstractC1Ev)
    Xm_Hardware::xmHardwareInit()            0x08001021   Thumb Code     2  xm_hardware.o(i._ZN11Xm_Hardware14xmHardwareInitEv)
    Xm_Hardware::vcselBiasControl()          0x08001025   Thumb Code    40  xm_hardware.o(i._ZN11Xm_Hardware16vcselBiasControlEv)
    Xm_Hardware::xmHardwareTopCall()         0x08001059   Thumb Code    24  xm_hardware.o(i._ZN11Xm_Hardware17xmHardwareTopCallEv)
    Xm_Hardware::vcselSinefreControl()       0x08001071   Thumb Code    40  xm_hardware.o(i._ZN11Xm_Hardware19vcselSinefreControlEv)
    Xm_Hardware::vcselSinep2pControl()       0x080010a5   Thumb Code    40  xm_hardware.o(i._ZN11Xm_Hardware19vcselSinep2pControlEv)
    Board_controller::SetLedState(unsigned char, unsigned char) 0x080010d9   Thumb Code    94  broad_controller.o(i._ZN16Board_controller11SetLedStateEhh)
    Board_controller::Xm_Led_Init()          0x0800113d   Thumb Code    58  broad_controller.o(i._ZN16Board_controller11Xm_Led_InitEv)
    Board_controller::Xm_NVIC_Init()         0x0800117d   Thumb Code    14  broad_controller.o(i._ZN16Board_controller12Xm_NVIC_InitEv)
    Board_controller::SPI3SendUSInt(unsigned short) 0x0800118d   Thumb Code    72  broad_controller.o(i._ZN16Board_controller13SPI3SendUSIntEt)
    Board_controller::Xm_Timer_Init()        0x080011dd   Thumb Code    90  broad_controller.o(i._ZN16Board_controller13Xm_Timer_InitEv)
    Board_controller::SPI1SendBuffer(unsigned char*, unsigned short) 0x0800123d   Thumb Code    86  broad_controller.o(i._ZN16Board_controller14SPI1SendBufferEPht)
    Board_controller::SPI2SendBuffer(unsigned char*, unsigned short) 0x0800129d   Thumb Code    98  broad_controller.o(i._ZN16Board_controller14SPI2SendBufferEPht)
    Board_controller::boardBasicInit()       0x08001309   Thumb Code    60  broad_controller.o(i._ZN16Board_controller14boardBasicInitEv)
    Board_controller::rs485_sendchar(unsigned char) 0x08001345   Thumb Code    36  broad_controller.o(i._ZN16Board_controller14rs485_sendcharEh)
    Board_controller::Vcsel_Bias_Init()      0x0800136d   Thumb Code   218  broad_controller.o(i._ZN16Board_controller15Vcsel_Bias_InitEv)
    Board_controller::Vcsel_Sinefre_Init()   0x08001451   Thumb Code   232  broad_controller.o(i._ZN16Board_controller18Vcsel_Sinefre_InitEv)
    Board_controller::Vcsel_Sinep2p_Init()   0x08001545   Thumb Code   222  broad_controller.o(i._ZN16Board_controller18Vcsel_Sinep2p_InitEv)
    Board_controller::Xm_Communicate_Init()  0x0800162d   Thumb Code   208  broad_controller.o(i._ZN16Board_controller19Xm_Communicate_InitEv)
    Board_controller::Xm_System_timer_Init() 0x08001705   Thumb Code    12  broad_controller.o(i._ZN16Board_controller20Xm_System_timer_InitEv)
    Board_controller::Xm_Motor_Communicate_Init() 0x08001711   Thumb Code   238  broad_controller.o(i._ZN16Board_controller25Xm_Motor_Communicate_InitEv)
    Board_controller::rs485_cmd(unsigned char) 0x08001809   Thumb Code    30  broad_controller.o(i._ZN16Board_controller9rs485_cmdEh)
    Board_controller::Board_controller()     0x0800182d   Thumb Code    16  broad_controller.o(i._ZN16Board_controllerC1Ev)
    Board_controller::Board_controller__sub_object() 0x0800182d   Thumb Code     0  broad_controller.o(i._ZN16Board_controllerC1Ev)
    Queue::emptyCheck()                      0x0800183d   Thumb Code    18  queue.o(i._ZN5Queue10emptyCheckEv)
    Queue::getData()                         0x0800184f   Thumb Code    28  queue.o(i._ZN5Queue7getDataEv)
    Queue::putData(unsigned char)            0x0800186b   Thumb Code    26  queue.o(i._ZN5Queue7putDataEh)
    Queue::fullCheck()                       0x08001885   Thumb Code    20  queue.o(i._ZN5Queue9fullCheckEv)
    Queue::Queue()                           0x08001899   Thumb Code    10  queue.o(i._ZN5QueueC1Ev)
    Queue::Queue__sub_object()               0x08001899   Thumb Code     0  queue.o(i._ZN5QueueC1Ev)
    Vcsel::set_vcsel_bias(float)             0x080018a5   Thumb Code    78  vcsel.o(i._ZN5Vcsel14set_vcsel_biasEf)
    Vcsel::set_vcsel_sinefre(float)          0x080018fd   Thumb Code   134  vcsel.o(i._ZN5Vcsel17set_vcsel_sinefreEf)
    Vcsel::set_vcsel_sinep2p(float)          0x08001991   Thumb Code    78  vcsel.o(i._ZN5Vcsel17set_vcsel_sinep2pEf)
    HFLink::sendBuffer(unsigned char*, unsigned short) 0x080019e9   Thumb Code    32  hf_link.o(i._ZN6HFLink10sendBufferEPht)
    HFLink::sendSignal(unsigned char)        0x08001a09   Thumb Code    32  hf_link.o(i._ZN6HFLink10sendSignalEh)
    HFLink::sendStruct(Command, unsigned char*, unsigned short) 0x08001a2d   Thumb Code    66  hf_link.o(i._ZN6HFLink10sendStructE7CommandPht)
    HFLink::sendMessage()                    0x08001a6f   Thumb Code   154  hf_link.o(i._ZN6HFLink11sendMessageEv)
    HFLink::packageAnalysis()                0x08001b09   Thumb Code   162  hf_link.o(i._ZN6HFLink15packageAnalysisEv)
    HFLink::byteAnalysisCall(unsigned char)  0x08001bab   Thumb Code    74  hf_link.o(i._ZN6HFLink16byteAnalysisCallEh)
    HFLink::setCommandAnalysis(Command, unsigned char*, unsigned short) 0x08001bf5   Thumb Code   162  hf_link.o(i._ZN6HFLink18setCommandAnalysisE7CommandPht)
    HFLink::receiveFiniteStates(unsigned char) 0x08001cb1   Thumb Code   346  hf_link.o(i._ZN6HFLink19receiveFiniteStatesEh)
    HFLink::HFLink(Xm_Abstract*)             0x08001e0b   Thumb Code    70  hf_link.o(i._ZN6HFLinkC1EP11Xm_Abstract)
    HFLink::HFLink__sub_object(Xm_Abstract*) 0x08001e0b   Thumb Code     0  hf_link.o(i._ZN6HFLinkC1EP11Xm_Abstract)
    delay_us                                 0x08001edd   Thumb Code    72  delay.o(i.delay_us)
    main                                     0x08001f29   Thumb Code   176  main.o(i.main)
    __aeabi_d2uiz                            0x08001fe9   Thumb Code     0  dfixu.o(x$fpl$dfixu)
    _dfixu                                   0x08001fe9   Thumb Code    90  dfixu.o(x$fpl$dfixu)
    __aeabi_ui2d                             0x08002043   Thumb Code     0  dflt_clz.o(x$fpl$dfltu)
    _dfltu                                   0x08002043   Thumb Code    38  dflt_clz.o(x$fpl$dfltu)
    __aeabi_dmul                             0x08002069   Thumb Code     0  dmul.o(x$fpl$dmul)
    _dmul                                    0x08002069   Thumb Code   332  dmul.o(x$fpl$dmul)
    __fpl_dnaninf                            0x080021bd   Thumb Code   156  dnaninf.o(x$fpl$dnaninf)
    __fpl_dretinf                            0x08002259   Thumb Code    12  dretinf.o(x$fpl$dretinf)
    _fp_init                                 0x08002265   Thumb Code    10  fpinit.o(x$fpl$fpinit)
    __fplib_config_fpu_vfp                   0x0800226d   Thumb Code     0  fpinit.o(x$fpl$fpinit)
    __fplib_config_pureend_doubles           0x0800226d   Thumb Code     0  fpinit.o(x$fpl$fpinit)
    __I$use$fp                               0x0800226e   Number         0  usenofp.o(x$fpl$usenofp)
    Region$$Table$$Base                      0x08002270   Number         0  anon$$obj.o(Region$$Table)
    Region$$Table$$Limit                     0x08002290   Number         0  anon$$obj.o(Region$$Table)
    SHT$$INIT_ARRAY$$Base                    0x08002290   Number         0  broad_controller.o(.init_array)
    SHT$$INIT_ARRAY$$Limit                   0x080022a4   Number         0  init_aeabi.o(.init_array)
    hf_link_node_pointer                     0x20000014   Data           4  hf_link.o(.data)
    board_controller                         0x20000018   Data          18  broad_controller.o(.bss)
    queue                                    0x2000002c   Data         264  queue.o(.bss)
    hf_link_pc_node                          0x20000134   Data         396  hf_link.o(.bss)
    xm_robot                                 0x200002c0   Data         168  xm_hardware.o(.bss)
    xm_hardware                              0x20000368   Data          12  xm_hardware.o(.bss)
    vcsel                                    0x20000374   Data          40  vcsel.o(.bss)
    __libspace_start                         0x2000039c   Data          96  libspace.o(.bss)
    __temporary_stack_top$libspace           0x200003fc   Data           0  libspace.o(.bss)



==============================================================================

Memory Map of the image

  Image Entry point : 0x08000189

  Load Region LR_IROM1 (Base: 0x08000000, Size: 0x000022bc, Max: 0x00100000, ABSOLUTE)

    Execution Region ER_IROM1 (Exec base: 0x08000000, Load base: 0x08000000, Size: 0x000022a4, Max: 0x00100000, ABSOLUTE)

    Exec Addr    Load Addr    Size         Type   Attr      Idx    E Section Name        Object

    0x08000000   0x08000000   0x00000188   Data   RO          229    RESET               startup_stm32f40_41xxx.o
    0x08000188   0x08000188   0x00000008   Code   RO         5553  * !!!main             c_w.l(__main.o)
    0x08000190   0x08000190   0x00000034   Code   RO         5735    !!!scatter          c_w.l(__scatter.o)
    0x080001c4   0x080001c4   0x0000001a   Code   RO         5737    !!handler_copy      c_w.l(__scatter_copy.o)
    0x080001de   0x080001de   0x00000002   PAD
    0x080001e0   0x080001e0   0x0000001c   Code   RO         5739    !!handler_zi        c_w.l(__scatter_zi.o)
    0x080001fc   0x080001fc   0x00000002   Code   RO         5656    .ARM.Collect$$libinit$$00000000  c_w.l(libinit.o)
    0x080001fe   0x080001fe   0x00000004   Code   RO         5574    .ARM.Collect$$libinit$$00000001  c_w.l(libinit2.o)
    0x08000202   0x08000202   0x00000000   Code   RO         5577    .ARM.Collect$$libinit$$00000004  c_w.l(libinit2.o)
    0x08000202   0x08000202   0x00000000   Code   RO         5580    .ARM.Collect$$libinit$$0000000A  c_w.l(libinit2.o)
    0x08000202   0x08000202   0x00000000   Code   RO         5582    .ARM.Collect$$libinit$$0000000C  c_w.l(libinit2.o)
    0x08000202   0x08000202   0x00000000   Code   RO         5584    .ARM.Collect$$libinit$$0000000E  c_w.l(libinit2.o)
    0x08000202   0x08000202   0x00000000   Code   RO         5587    .ARM.Collect$$libinit$$00000011  c_w.l(libinit2.o)
    0x08000202   0x08000202   0x00000000   Code   RO         5589    .ARM.Collect$$libinit$$00000013  c_w.l(libinit2.o)
    0x08000202   0x08000202   0x00000000   Code   RO         5591    .ARM.Collect$$libinit$$00000015  c_w.l(libinit2.o)
    0x08000202   0x08000202   0x00000000   Code   RO         5593    .ARM.Collect$$libinit$$00000017  c_w.l(libinit2.o)
    0x08000202   0x08000202   0x00000000   Code   RO         5595    .ARM.Collect$$libinit$$00000019  c_w.l(libinit2.o)
    0x08000202   0x08000202   0x00000000   Code   RO         5597    .ARM.Collect$$libinit$$0000001B  c_w.l(libinit2.o)
    0x08000202   0x08000202   0x00000000   Code   RO         5599    .ARM.Collect$$libinit$$0000001D  c_w.l(libinit2.o)
    0x08000202   0x08000202   0x00000000   Code   RO         5601    .ARM.Collect$$libinit$$0000001F  c_w.l(libinit2.o)
    0x08000202   0x08000202   0x00000000   Code   RO         5603    .ARM.Collect$$libinit$$00000021  c_w.l(libinit2.o)
    0x08000202   0x08000202   0x00000000   Code   RO         5605    .ARM.Collect$$libinit$$00000023  c_w.l(libinit2.o)
    0x08000202   0x08000202   0x00000000   Code   RO         5607    .ARM.Collect$$libinit$$00000025  c_w.l(libinit2.o)
    0x08000202   0x08000202   0x00000000   Code   RO         5611    .ARM.Collect$$libinit$$0000002C  c_w.l(libinit2.o)
    0x08000202   0x08000202   0x00000000   Code   RO         5613    .ARM.Collect$$libinit$$0000002E  c_w.l(libinit2.o)
    0x08000202   0x08000202   0x00000000   Code   RO         5615    .ARM.Collect$$libinit$$00000030  c_w.l(libinit2.o)
    0x08000202   0x08000202   0x00000004   Code   RO         5616    .ARM.Collect$$libinit$$00000031  c_w.l(libinit2.o)
    0x08000206   0x08000206   0x00000000   Code   RO         5617    .ARM.Collect$$libinit$$00000032  c_w.l(libinit2.o)
    0x08000206   0x08000206   0x00000002   Code   RO         5618    .ARM.Collect$$libinit$$00000033  c_w.l(libinit2.o)
    0x08000208   0x08000208   0x00000002   Code   RO         5694    .ARM.Collect$$libshutdown$$00000000  c_w.l(libshutdown.o)
    0x0800020a   0x0800020a   0x00000000   Code   RO         5700    .ARM.Collect$$libshutdown$$00000002  c_w.l(libshutdown2.o)
    0x0800020a   0x0800020a   0x00000000   Code   RO         5702    .ARM.Collect$$libshutdown$$00000004  c_w.l(libshutdown2.o)
    0x0800020a   0x0800020a   0x00000000   Code   RO         5704    .ARM.Collect$$libshutdown$$00000006  c_w.l(libshutdown2.o)
    0x0800020a   0x0800020a   0x00000000   Code   RO         5707    .ARM.Collect$$libshutdown$$00000009  c_w.l(libshutdown2.o)
    0x0800020a   0x0800020a   0x00000000   Code   RO         5710    .ARM.Collect$$libshutdown$$0000000C  c_w.l(libshutdown2.o)
    0x0800020a   0x0800020a   0x00000000   Code   RO         5712    .ARM.Collect$$libshutdown$$0000000E  c_w.l(libshutdown2.o)
    0x0800020a   0x0800020a   0x00000000   Code   RO         5715    .ARM.Collect$$libshutdown$$00000011  c_w.l(libshutdown2.o)
    0x0800020a   0x0800020a   0x00000002   Code   RO         5716    .ARM.Collect$$libshutdown$$00000012  c_w.l(libshutdown2.o)
    0x0800020c   0x0800020c   0x00000000   Code   RO         5573    .ARM.Collect$$rtentry$$00000000  c_w.l(__rtentry.o)
    0x0800020c   0x0800020c   0x00000000   Code   RO         5625    .ARM.Collect$$rtentry$$00000002  c_w.l(__rtentry2.o)
    0x0800020c   0x0800020c   0x00000006   Code   RO         5637    .ARM.Collect$$rtentry$$00000004  c_w.l(__rtentry4.o)
    0x08000212   0x08000212   0x00000000   Code   RO         5627    .ARM.Collect$$rtentry$$00000009  c_w.l(__rtentry2.o)
    0x08000212   0x08000212   0x00000004   Code   RO         5628    .ARM.Collect$$rtentry$$0000000A  c_w.l(__rtentry2.o)
    0x08000216   0x08000216   0x00000000   Code   RO         5630    .ARM.Collect$$rtentry$$0000000C  c_w.l(__rtentry2.o)
    0x08000216   0x08000216   0x00000008   Code   RO         5631    .ARM.Collect$$rtentry$$0000000D  c_w.l(__rtentry2.o)
    0x0800021e   0x0800021e   0x00000002   Code   RO         5662    .ARM.Collect$$rtexit$$00000000  c_w.l(rtexit.o)
    0x08000220   0x08000220   0x00000000   Code   RO         5674    .ARM.Collect$$rtexit$$00000002  c_w.l(rtexit2.o)
    0x08000220   0x08000220   0x00000004   Code   RO         5675    .ARM.Collect$$rtexit$$00000003  c_w.l(rtexit2.o)
    0x08000224   0x08000224   0x00000006   Code   RO         5676    .ARM.Collect$$rtexit$$00000004  c_w.l(rtexit2.o)
    0x0800022a   0x0800022a   0x00000002   PAD
    0x0800022c   0x0800022c   0x00000040   Code   RO          230    .text               startup_stm32f40_41xxx.o
    0x0800026c   0x0800026c   0x0000008a   Code   RO         5547    .text               c_w.l(rt_memcpy_v6.o)
    0x080002f6   0x080002f6   0x00000064   Code   RO         5549    .text               c_w.l(rt_memcpy_w.o)
    0x0800035a   0x0800035a   0x00000006   Code   RO         5551    .text               c_w.l(heapauxi.o)
    0x08000360   0x08000360   0x00000024   Code   RO         5558    .text               c_w.l(init_aeabi.o)
    0x08000384   0x08000384   0x0000004a   Code   RO         5643    .text               c_w.l(sys_stackheap_outer.o)
    0x080003ce   0x080003ce   0x00000012   Code   RO         5645    .text               c_w.l(exit.o)
    0x080003e0   0x080003e0   0x00000008   Code   RO         5659    .text               c_w.l(libspace.o)
    0x080003e8   0x080003e8   0x00000002   Code   RO         5670    .text               c_w.l(use_no_semi.o)
    0x080003ea   0x080003ea   0x00000000   Code   RO         5672    .text               c_w.l(indicate_semi.o)
    0x080003ea   0x080003ea   0x00000002   PAD
    0x080003ec   0x080003ec   0x0000000c   Code   RO         5686    .text               c_w.l(sys_exit.o)
    0x080003f8   0x080003f8   0x00000108   Code   RO          633    i.CAN_FilterInit    stm32f4xx_can.o
    0x08000500   0x08000500   0x00000012   Code   RO          639    i.CAN_ITConfig      stm32f4xx_can.o
    0x08000512   0x08000512   0x00000114   Code   RO          640    i.CAN_Init          stm32f4xx_can.o
    0x08000626   0x08000626   0x00000090   Code   RO         2064    i.GPIO_Init         stm32f4xx_gpio.o
    0x080006b6   0x080006b6   0x00000046   Code   RO         2065    i.GPIO_PinAFConfig  stm32f4xx_gpio.o
    0x080006fc   0x080006fc   0x00000004   Code   RO         2071    i.GPIO_ResetBits    stm32f4xx_gpio.o
    0x08000700   0x08000700   0x00000004   Code   RO         2072    i.GPIO_SetBits      stm32f4xx_gpio.o
    0x08000704   0x08000704   0x00000012   Code   RO         2073    i.GPIO_StructInit   stm32f4xx_gpio.o
    0x08000716   0x08000716   0x00000008   Code   RO         2074    i.GPIO_ToggleBits   stm32f4xx_gpio.o
    0x0800071e   0x0800071e   0x00000002   PAD
    0x08000720   0x08000720   0x00000010   Code   RO          183    i.HardFault_Handler  stm32f4xx_it.o
    0x08000730   0x08000730   0x00000078   Code   RO          236    i.NVIC_Init         misc.o
    0x080007a8   0x080007a8   0x00000014   Code   RO          237    i.NVIC_PriorityGroupConfig  misc.o
    0x080007bc   0x080007bc   0x00000020   Code   RO         2928    i.RCC_AHB1PeriphClockCmd  stm32f4xx_rcc.o
    0x080007dc   0x080007dc   0x00000020   Code   RO         2937    i.RCC_APB1PeriphClockCmd  stm32f4xx_rcc.o
    0x080007fc   0x080007fc   0x00000020   Code   RO         2939    i.RCC_APB1PeriphResetCmd  stm32f4xx_rcc.o
    0x0800081c   0x0800081c   0x00000020   Code   RO         2940    i.RCC_APB2PeriphClockCmd  stm32f4xx_rcc.o
    0x0800083c   0x0800083c   0x00000020   Code   RO         2942    i.RCC_APB2PeriphResetCmd  stm32f4xx_rcc.o
    0x0800085c   0x0800085c   0x000000e8   Code   RO         2949    i.RCC_GetClocksFreq  stm32f4xx_rcc.o
    0x08000944   0x08000944   0x00000018   Code   RO         4045    i.SPI_Cmd           stm32f4xx_spi.o
    0x0800095c   0x0800095c   0x00000012   Code   RO         4053    i.SPI_I2S_GetFlagStatus  stm32f4xx_spi.o
    0x0800096e   0x0800096e   0x00000004   Code   RO         4057    i.SPI_I2S_SendData  stm32f4xx_spi.o
    0x08000972   0x08000972   0x0000003c   Code   RO         4058    i.SPI_Init          stm32f4xx_spi.o
    0x080009ae   0x080009ae   0x00000002   PAD
    0x080009b0   0x080009b0   0x000000ec   Code   RO         5071    i.SetSysClock       system_stm32f4xx.o
    0x08000a9c   0x08000a9c   0x00000028   Code   RO          240    i.SysTick_CLKSourceConfig  misc.o
    0x08000ac4   0x08000ac4   0x00000068   Code   RO         5073    i.SystemInit        system_stm32f4xx.o
    0x08000b2c   0x08000b2c   0x0000003c   Code   RO         5108    i.System_Timer_Init  delay.o
    0x08000b68   0x08000b68   0x00000064   Code   RO          184    i.TIM6_DAC_IRQHandler  stm32f4xx_it.o
    0x08000bcc   0x08000bcc   0x00000006   Code   RO         4270    i.TIM_ClearITPendingBit  stm32f4xx_tim.o
    0x08000bd2   0x08000bd2   0x00000018   Code   RO         4275    i.TIM_Cmd           stm32f4xx_tim.o
    0x08000bea   0x08000bea   0x00000022   Code   RO         4296    i.TIM_GetITStatus   stm32f4xx_tim.o
    0x08000c0c   0x08000c0c   0x00000012   Code   RO         4300    i.TIM_ITConfig      stm32f4xx_tim.o
    0x08000c1e   0x08000c1e   0x00000002   PAD
    0x08000c20   0x08000c20   0x00000084   Code   RO         4347    i.TIM_TimeBaseInit  stm32f4xx_tim.o
    0x08000ca4   0x08000ca4   0x0000003c   Code   RO          185    i.USART2_IRQHandler  stm32f4xx_it.o
    0x08000ce0   0x08000ce0   0x0000001e   Code   RO         4822    i.USART_ClearITPendingBit  stm32f4xx_usart.o
    0x08000cfe   0x08000cfe   0x00000018   Code   RO         4825    i.USART_Cmd         stm32f4xx_usart.o
    0x08000d16   0x08000d16   0x0000001a   Code   RO         4828    i.USART_GetFlagStatus  stm32f4xx_usart.o
    0x08000d30   0x08000d30   0x00000054   Code   RO         4829    i.USART_GetITStatus  stm32f4xx_usart.o
    0x08000d84   0x08000d84   0x0000004a   Code   RO         4831    i.USART_ITConfig    stm32f4xx_usart.o
    0x08000dce   0x08000dce   0x00000002   PAD
    0x08000dd0   0x08000dd0   0x000000d4   Code   RO         4832    i.USART_Init        stm32f4xx_usart.o
    0x08000ea4   0x08000ea4   0x00000008   Code   RO         4842    i.USART_SendData    stm32f4xx_usart.o
    0x08000eac   0x08000eac   0x00000018   Code   RO            3    i._Z10systemInitv   main.o
    0x08000ec4   0x08000ec4   0x00000064   Code   RO            4    i._Z15constructorInitv  main.o
    0x08000f28   0x08000f28   0x000000f8   Code   RO           34    i._ZN11Xm_AbstractC1Ev  main.o
    0x08001020   0x08001020   0x00000002   Code   RO         5440    i._ZN11Xm_Hardware14xmHardwareInitEv  xm_hardware.o
    0x08001022   0x08001022   0x00000002   PAD
    0x08001024   0x08001024   0x00000034   Code   RO         5441    i._ZN11Xm_Hardware16vcselBiasControlEv  xm_hardware.o
    0x08001058   0x08001058   0x00000018   Code   RO         5442    i._ZN11Xm_Hardware17xmHardwareTopCallEv  xm_hardware.o
    0x08001070   0x08001070   0x00000034   Code   RO         5443    i._ZN11Xm_Hardware19vcselSinefreControlEv  xm_hardware.o
    0x080010a4   0x080010a4   0x00000034   Code   RO         5444    i._ZN11Xm_Hardware19vcselSinep2pControlEv  xm_hardware.o
    0x080010d8   0x080010d8   0x00000064   Code   RO         5151    i._ZN16Board_controller11SetLedStateEhh  broad_controller.o
    0x0800113c   0x0800113c   0x00000040   Code   RO         5152    i._ZN16Board_controller11Xm_Led_InitEv  broad_controller.o
    0x0800117c   0x0800117c   0x0000000e   Code   RO         5155    i._ZN16Board_controller12Xm_NVIC_InitEv  broad_controller.o
    0x0800118a   0x0800118a   0x00000002   PAD
    0x0800118c   0x0800118c   0x00000050   Code   RO         5156    i._ZN16Board_controller13SPI3SendUSIntEt  broad_controller.o
    0x080011dc   0x080011dc   0x00000060   Code   RO         5157    i._ZN16Board_controller13Xm_Timer_InitEv  broad_controller.o
    0x0800123c   0x0800123c   0x00000060   Code   RO         5158    i._ZN16Board_controller14SPI1SendBufferEPht  broad_controller.o
    0x0800129c   0x0800129c   0x0000006c   Code   RO         5159    i._ZN16Board_controller14SPI2SendBufferEPht  broad_controller.o
    0x08001308   0x08001308   0x0000003c   Code   RO         5161    i._ZN16Board_controller14boardBasicInitEv  broad_controller.o
    0x08001344   0x08001344   0x00000028   Code   RO         5162    i._ZN16Board_controller14rs485_sendcharEh  broad_controller.o
    0x0800136c   0x0800136c   0x000000e4   Code   RO         5163    i._ZN16Board_controller15Vcsel_Bias_InitEv  broad_controller.o
    0x08001450   0x08001450   0x000000f4   Code   RO         5165    i._ZN16Board_controller18Vcsel_Sinefre_InitEv  broad_controller.o
    0x08001544   0x08001544   0x000000e8   Code   RO         5166    i._ZN16Board_controller18Vcsel_Sinep2p_InitEv  broad_controller.o
    0x0800162c   0x0800162c   0x000000d8   Code   RO         5167    i._ZN16Board_controller19Xm_Communicate_InitEv  broad_controller.o
    0x08001704   0x08001704   0x0000000c   Code   RO         5168    i._ZN16Board_controller20Xm_System_timer_InitEv  broad_controller.o
    0x08001710   0x08001710   0x000000f8   Code   RO         5169    i._ZN16Board_controller25Xm_Motor_Communicate_InitEv  broad_controller.o
    0x08001808   0x08001808   0x00000024   Code   RO         5170    i._ZN16Board_controller9rs485_cmdEh  broad_controller.o
    0x0800182c   0x0800182c   0x00000010   Code   RO         5171    i._ZN16Board_controllerC1Ev  broad_controller.o
    0x0800183c   0x0800183c   0x00000012   Code   RO         5299    i._ZN5Queue10emptyCheckEv  queue.o
    0x0800184e   0x0800184e   0x0000001c   Code   RO         5300    i._ZN5Queue7getDataEv  queue.o
    0x0800186a   0x0800186a   0x0000001a   Code   RO         5301    i._ZN5Queue7putDataEh  queue.o
    0x08001884   0x08001884   0x00000014   Code   RO         5302    i._ZN5Queue9fullCheckEv  queue.o
    0x08001898   0x08001898   0x0000000a   Code   RO         5303    i._ZN5QueueC1Ev     queue.o
    0x080018a2   0x080018a2   0x00000002   PAD
    0x080018a4   0x080018a4   0x00000058   Code   RO         5503    i._ZN5Vcsel14set_vcsel_biasEf  vcsel.o
    0x080018fc   0x080018fc   0x00000094   Code   RO         5504    i._ZN5Vcsel17set_vcsel_sinefreEf  vcsel.o
    0x08001990   0x08001990   0x00000058   Code   RO         5505    i._ZN5Vcsel17set_vcsel_sinep2pEf  vcsel.o
    0x080019e8   0x080019e8   0x00000020   Code   RO         5347    i._ZN6HFLink10sendBufferEPht  hf_link.o
    0x08001a08   0x08001a08   0x00000024   Code   RO         5348    i._ZN6HFLink10sendSignalEh  hf_link.o
    0x08001a2c   0x08001a2c   0x00000042   Code   RO         5349    i._ZN6HFLink10sendStructE7CommandPht  hf_link.o
    0x08001a6e   0x08001a6e   0x0000009a   Code   RO         5350    i._ZN6HFLink11sendMessageEv  hf_link.o
    0x08001b08   0x08001b08   0x000000a2   Code   RO         5351    i._ZN6HFLink15packageAnalysisEv  hf_link.o
    0x08001baa   0x08001baa   0x0000004a   Code   RO         5352    i._ZN6HFLink16byteAnalysisCallEh  hf_link.o
    0x08001bf4   0x08001bf4   0x000000bc   Code   RO         5353    i._ZN6HFLink18setCommandAnalysisE7CommandPht  hf_link.o
    0x08001cb0   0x08001cb0   0x0000015a   Code   RO         5355    i._ZN6HFLink19receiveFiniteStatesEh  hf_link.o
    0x08001e0a   0x08001e0a   0x00000046   Code   RO         5418    i._ZN6HFLinkC1EP11Xm_Abstract  hf_link.o
    0x08001e50   0x08001e50   0x00000014   Code   RO         5356    i.__sti___11_hf_link_cpp_e72e2d20  hf_link.o
    0x08001e64   0x08001e64   0x00000018   Code   RO         5445    i.__sti___15_xm_hardware_cpp_xm_robot  xm_hardware.o
    0x08001e7c   0x08001e7c   0x00000010   Code   RO         5172    i.__sti___20_broad_controller_cpp_e0fcb226  broad_controller.o
    0x08001e8c   0x08001e8c   0x00000010   Code   RO         5304    i.__sti___9_queue_cpp_queue  queue.o
    0x08001e9c   0x08001e9c   0x00000040   Code   RO         5506    i.__sti___9_vcsel_cpp_vcsel  vcsel.o
    0x08001edc   0x08001edc   0x0000004c   Code   RO         5110    i.delay_us          delay.o
    0x08001f28   0x08001f28   0x000000c0   Code   RO            5    i.main              main.o
    0x08001fe8   0x08001fe8   0x0000005a   Code   RO         5561    x$fpl$dfixu         fz_wm.l(dfixu.o)
    0x08002042   0x08002042   0x00000026   Code   RO         5565    x$fpl$dfltu         fz_wm.l(dflt_clz.o)
    0x08002068   0x08002068   0x00000154   Code   RO         5571    x$fpl$dmul          fz_wm.l(dmul.o)
    0x080021bc   0x080021bc   0x0000009c   Code   RO         5619    x$fpl$dnaninf       fz_wm.l(dnaninf.o)
    0x08002258   0x08002258   0x0000000c   Code   RO         5621    x$fpl$dretinf       fz_wm.l(dretinf.o)
    0x08002264   0x08002264   0x0000000a   Code   RO         5641    x$fpl$fpinit        fz_wm.l(fpinit.o)
    0x0800226e   0x0800226e   0x00000000   Code   RO         5623    x$fpl$usenofp       fz_wm.l(usenofp.o)
    0x0800226e   0x0800226e   0x00000002   PAD
    0x08002270   0x08002270   0x00000020   Data   RO         5733    Region$$Table       anon$$obj.o
    0x08002290   0x08002290   0x00000004   Data   RO         5196    .init_array         broad_controller.o
    0x08002294   0x08002290   0x00000004   Data   RO         5312    .init_array         queue.o
    0x08002298   0x08002290   0x00000004   Data   RO         5369    .init_array         hf_link.o
    0x0800229c   0x08002290   0x00000004   Data   RO         5453    .init_array         xm_hardware.o
    0x080022a0   0x08002290   0x00000004   Data   RO         5512    .init_array         vcsel.o
    0x080022a4   0x08002290   0x00000000   Data   RO         5556    .init_array         c_w.l(init_aeabi.o)


    Execution Region RW_IRAM1 (Exec base: 0x20000000, Load base: 0x080022a4, Size: 0x00000a00, Max: 0x00020000, ABSOLUTE)

    Exec Addr    Load Addr    Size         Type   Attr      Idx    E Section Name        Object

    0x20000000   0x080022a4   0x00000010   Data   RW         2981    .data               stm32f4xx_rcc.o
    0x20000010   0x080022b4   0x00000004   Data   RW         5112    .data               delay.o
    0x20000014   0x080022b8   0x00000004   Data   RW         5368    .data               hf_link.o
    0x20000018        -       0x00000012   Zero   RW         5195    .bss                broad_controller.o
    0x2000002a   0x080022bc   0x00000002   PAD
    0x2000002c        -       0x00000108   Zero   RW         5311    .bss                queue.o
    0x20000134        -       0x0000018c   Zero   RW         5367    .bss                hf_link.o
    0x200002c0        -       0x000000b4   Zero   RW         5452    .bss                xm_hardware.o
    0x20000374        -       0x00000028   Zero   RW         5511    .bss                vcsel.o
    0x2000039c        -       0x00000060   Zero   RW         5660    .bss                c_w.l(libspace.o)
    0x200003fc   0x080022bc   0x00000004   PAD
    0x20000400        -       0x00000200   Zero   RW          228    HEAP                startup_stm32f40_41xxx.o
    0x20000600        -       0x00000400   Zero   RW          227    STACK               startup_stm32f40_41xxx.o


==============================================================================

Image component sizes


      Code (inc. data)   RO Data    RW Data    ZI Data      Debug   Object Name

      1906        112          4          0         18      12927   broad_controller.o
       136         12          0          4          0       1291   delay.o
      1148         46          4          4        396       9175   hf_link.o
       564         56          0          0          0     286069   main.o
       180         24          0          0          0     300053   misc.o
       118          6          4          0        264       3420   queue.o
        64         26        392          0       1536        844   startup_stm32f40_41xxx.o
       558          6          0          0          0       3011   stm32f4xx_can.o
       248          0          0          0          0       3971   stm32f4xx_gpio.o
       176         24          0          0          0       2929   stm32f4xx_it.o
       392         48          0         16          0       5769   stm32f4xx_rcc.o
       106          0          0          0          0       2924   stm32f4xx_spi.o
       214         28          0          0          0       3666   stm32f4xx_tim.o
       458          8          0          0          0       5555   stm32f4xx_usart.o
       340         32          0          0          0       1565   system_stm32f4xx.o
       388         44          4          0         40       2940   vcsel.o
       206         46          4          0        180       6578   xm_hardware.o

    ----------------------------------------------------------------------
      7216        518        444         24       2436     652687   Object Totals
         0          0         32          0          0          0   (incl. Generated)
        14          0          0          0          2          0   (incl. Padding)

    ----------------------------------------------------------------------

      Code (inc. data)   RO Data    RW Data    ZI Data      Debug   Library Member Name

         8          0          0          0          0         68   __main.o
         0          0          0          0          0          0   __rtentry.o
        12          0          0          0          0          0   __rtentry2.o
         6          0          0          0          0          0   __rtentry4.o
        52          8          0          0          0          0   __scatter.o
        26          0          0          0          0          0   __scatter_copy.o
        28          0          0          0          0          0   __scatter_zi.o
        18          0          0          0          0         80   exit.o
         6          0          0          0          0        152   heapauxi.o
         0          0          0          0          0          0   indicate_semi.o
        36         10          0          0          0         80   init_aeabi.o
         2          0          0          0          0          0   libinit.o
        10          0          0          0          0          0   libinit2.o
         2          0          0          0          0          0   libshutdown.o
         2          0          0          0          0          0   libshutdown2.o
         8          4          0          0         96         68   libspace.o
       138          0          0          0          0         68   rt_memcpy_v6.o
       100          0          0          0          0         80   rt_memcpy_w.o
         2          0          0          0          0          0   rtexit.o
        10          0          0          0          0          0   rtexit2.o
        12          4          0          0          0         68   sys_exit.o
        74          0          0          0          0         80   sys_stackheap_outer.o
         2          0          0          0          0         68   use_no_semi.o
        90          4          0          0          0        140   dfixu.o
        38          0          0          0          0        116   dflt_clz.o
       340         12          0          0          0        152   dmul.o
       156          4          0          0          0        140   dnaninf.o
        12          0          0          0          0        116   dretinf.o
        10          0          0          0          0        116   fpinit.o
         0          0          0          0          0          0   usenofp.o

    ----------------------------------------------------------------------
      1208         46          0          0        100       1592   Library Totals
         8          0          0          0          4          0   (incl. Padding)

    ----------------------------------------------------------------------

      Code (inc. data)   RO Data    RW Data    ZI Data      Debug   Library Name

       554         26          0          0         96        812   c_w.l
       646         20          0          0          0        780   fz_wm.l

    ----------------------------------------------------------------------
      1208         46          0          0        100       1592   Library Totals

    ----------------------------------------------------------------------

==============================================================================


      Code (inc. data)   RO Data    RW Data    ZI Data      Debug   

      8424        564        444         24       2536     645067   Grand Totals
      8424        564        444         24       2536     645067   ELF Image Totals
      8424        564        444         24          0          0   ROM Totals

==============================================================================

    Total RO  Size (Code + RO Data)                 8868 (   8.66kB)
    Total RW  Size (RW Data + ZI Data)              2560 (   2.50kB)
    Total ROM Size (Code + RO Data + RW Data)       8892 (   8.68kB)

==============================================================================

